\BOOKMARK [1][-]{section.1}{\376\377\000P\000o\000p\000i\000s\000n\000\341\000\040\000S\000t\000a\000t\000i\000s\000t\000i\000k\000a}{}% 1
\BOOKMARK [2][-]{subsection.1.1}{\376\377\001\014\000e\000t\000n\000o\000s\000t\000i}{section.1}% 2
\BOOKMARK [3][-]{subsubsection.1.1.1}{\376\377\000A\000b\000s\000o\000l\000u\000t\000n\000\355\000\040\001\015\000e\000t\000n\000o\000s\000t}{subsection.1.1}% 3
\BOOKMARK [3][-]{subsubsection.1.1.2}{\376\377\000S\000o\000u\001\015\000e\000t\000\040\000a\000b\000s\000o\000l\000u\000t\000n\000\355\000c\000h\000\040\001\015\000e\000t\000n\000o\000s\000t\000\355}{subsection.1.1}% 4
\BOOKMARK [3][-]{subsubsection.1.1.3}{\376\377\000R\000e\000l\000a\000t\000i\000v\000n\000\355\000\040\001\014\000e\000t\000n\000o\000s\000t}{subsection.1.1}% 5
\BOOKMARK [3][-]{subsubsection.1.1.4}{\376\377\000S\000o\000u\001\015\000e\000t\000\040\000r\000e\000l\000a\000t\000i\000v\000n\000\355\000c\000h\000\040\001\015\000e\000t\000n\000o\000s\000t\000\355}{subsection.1.1}% 6
\BOOKMARK [3][-]{subsubsection.1.1.5}{\376\377\000K\000u\000m\000u\000l\000a\000t\000i\000v\000n\000\355\000\040\000a\000b\000s\000o\000l\000u\000t\000n\000\355\000\040\001\015\000e\000t\000n\000o\000s\000t}{subsection.1.1}% 7
\BOOKMARK [3][-]{subsubsection.1.1.6}{\376\377\000K\000u\000m\000u\000l\000a\000t\000i\000v\000n\000\355\000\040\000r\000e\000l\000a\000t\000i\000v\000n\000\355\000\040\001\015\000e\000t\000n\000o\000s\000t}{subsection.1.1}% 8
\BOOKMARK [2][-]{subsection.1.2}{\376\377\000C\000h\000a\000r\000a\000k\000t\000e\000r\000i\000s\000t\000i\000k\000y\000\040\000p\000o\000l\000o\000h\000y}{section.1}% 9
\BOOKMARK [3][-]{subsubsection.1.2.1}{\376\377\000A\000r\000i\000t\000m\000e\000t\000i\000c\000k\000\375\000\040\000p\000r\001\157\000m\001\033\000r}{subsection.1.2}% 10
\BOOKMARK [3][-]{subsubsection.1.2.2}{\376\377\000V\000\341\001\176\000e\000n\000\375\000\040\000a\000r\000i\000t\000m\000e\000t\000i\000c\000k\000\375\000\040\000p\000r\001\157\000m\001\033\000r\000\040\000\050\000z\000\040\001\015\000e\000t\000n\000o\000s\000t\000n\000\355\000\040\000t\000a\000b\000u\000l\000k\000y\000\051}{subsection.1.2}% 11
\BOOKMARK [3][-]{subsubsection.1.2.3}{\376\377\000A\000r\000i\000t\000m\000e\000t\000i\000c\000k\000\375\000\040\000p\000r\001\157\000m\001\033\000r\000\040\000p\000o\000m\000o\000c\000\355\000\040\000r\000e\000l\000a\000t\000i\000v\000n\000\355\000c\000h\000\040\001\015\000e\000t\000n\000o\000s\000t\000\355}{subsection.1.2}% 12
\BOOKMARK [3][-]{subsubsection.1.2.4}{\376\377\000H\000a\000r\000m\000o\000n\000i\000c\000k\000\375\000\040\000p\000r\001\157\000m\001\033\000r}{subsection.1.2}% 13
\BOOKMARK [3][-]{subsubsection.1.2.5}{\376\377\000G\000e\000o\000m\000e\000t\000r\000i\000c\000k\000\375\000\040\000p\000r\001\157\000m\001\033\000r}{subsection.1.2}% 14
\BOOKMARK [3][-]{subsubsection.1.2.6}{\376\377\000V\000z\000t\000a\000h\000\040\000m\000e\000z\000i\000\040\000p\000r\001\157\000m\001\033\000r\000y}{subsection.1.2}% 15
\BOOKMARK [3][-]{subsubsection.1.2.7}{\376\377\000M\000e\000d\000i\000\341\000n}{subsection.1.2}% 16
\BOOKMARK [3][-]{subsubsection.1.2.8}{\376\377\000K\000v\000a\000n\000t\000i\000l\000y\000\040\000a\000\040\000k\000v\000a\000r\000t\000i\000l\000y}{subsection.1.2}% 17
\BOOKMARK [3][-]{subsubsection.1.2.9}{\376\377\000I\000n\000t\000e\000r\000k\000v\000a\000r\000t\000i\000l\000o\000v\000\351\000\040\000r\000o\000z\000p\001\033\000t\000\355\000\040\000\050\000I\000Q\000R\000\051}{subsection.1.2}% 18
\BOOKMARK [3][-]{subsubsection.1.2.10}{\376\377\000M\000o\000d\000u\000s}{subsection.1.2}% 19
\BOOKMARK [2][-]{subsection.1.3}{\376\377\000C\000h\000a\000r\000a\000k\000t\000e\000r\000i\000s\000t\000i\000k\000y\000\040\000v\000a\000r\000i\000a\000b\000i\000l\000i\000t\000y}{section.1}% 20
\BOOKMARK [3][-]{subsubsection.1.3.1}{\376\377\000V\000a\000r\000i\000a\001\015\000n\000\355\000\040\000r\000o\000z\000p\001\033\000t\000\355}{subsection.1.3}% 21
\BOOKMARK [3][-]{subsubsection.1.3.2}{\376\377\000R\000o\000z\000p\000t\000y\000l\000\040\000s\000t\000a\000t\000i\000s\000t\000i\000c\000k\000\351\000h\000o\000\040\000s\000o\000u\000b\000o\000r\000u}{subsection.1.3}% 22
\BOOKMARK [3][-]{subsubsection.1.3.3}{\376\377\000V\000\375\000b\001\033\000r\000o\000v\000\375\000\040\000r\000o\000z\000p\000t\000y\000l}{subsection.1.3}% 23
\BOOKMARK [3][-]{subsubsection.1.3.4}{\376\377\000V\000\341\001\176\000e\000n\000\375\000\040\000r\000o\000z\000p\000t\000y\000l}{subsection.1.3}% 24
\BOOKMARK [3][-]{subsubsection.1.3.5}{\376\377\000S\000m\001\033\000r\000o\000d\000a\000t\000n\000\341\000\040\000o\000d\000c\000h\000y\000l\000k\000a\000\040\000s\000t\000a\000t\000i\000s\000t\000i\000c\000k\000\351\000h\000o\000\040\000s\000o\000u\000b\000o\000r\000u}{subsection.1.3}% 25
\BOOKMARK [3][-]{subsubsection.1.3.6}{\376\377\000V\000\375\000b\001\033\000r\000o\000v\000\341\000\040\000s\000m\001\033\000r\000o\000d\000a\000t\000n\000\341\000\040\000o\000d\000c\000h\000y\000l\000k\000a}{subsection.1.3}% 26
\BOOKMARK [3][-]{subsubsection.1.3.7}{\376\377\000V\000a\000r\000i\000a\001\015\000n\000\355\000\040\000k\000o\000e\000f\000i\000c\000i\000e\000n\000t}{subsection.1.3}% 27
\BOOKMARK [3][-]{subsubsection.1.3.8}{\376\377\000S\000t\001\131\000e\000d\000n\000\355\000\040\000a\000b\000s\000o\000l\000u\000t\000n\000\355\000\040\000o\000d\000c\000h\000y\000l\000k\000a\000\040\000\050\000M\000A\000D\000\051}{subsection.1.3}% 28
\BOOKMARK [3][-]{subsubsection.1.3.9}{\376\377\000D\000e\000t\000e\000k\000c\000e\000\040\000o\000d\000l\000e\000h\000l\000\375\000c\000h\000\040\000h\000o\000d\000n\000o\000t\000\040\040\023\000\040\000T\000u\000k\000e\000y\000o\000v\000y\000\040\000m\000e\000z\000e}{subsection.1.3}% 29
\BOOKMARK [1][-]{section.2}{\376\377\000T\000e\000o\000r\000i\000e\000\040\000p\000r\000a\000v\000d\001\033\000p\000o\000d\000o\000b\000n\000o\000s\000t\000i}{}% 30
\BOOKMARK [2][-]{subsection.2.1}{\376\377\000P\000o\001\015\000e\000t\000\040\000p\000r\000a\000v\000d\001\033\000p\000o\000d\000o\000b\000n\000o\000s\000t\000i}{section.2}% 31
\BOOKMARK [3][-]{subsubsection.2.1.1}{\376\377\000K\000l\000a\000s\000i\000c\000k\000\341\000\040\000d\000e\000f\000i\000n\000i\000c\000e\000\040\000p\000r\000a\000v\000d\001\033\000p\000o\000d\000o\000b\000n\000o\000s\000t\000i}{subsection.2.1}% 32
\BOOKMARK [3][-]{subsubsection.2.1.2}{\376\377\000P\000r\000a\000v\000d\001\033\000p\000o\000d\000o\000b\000n\000o\000s\000t\000\040\000k\000o\000m\000p\000l\000e\000m\000e\000n\000t\000\341\000r\000n\000\355\000h\000o\000\040\000j\000e\000v\000u}{subsection.2.1}% 33
\BOOKMARK [3][-]{subsubsection.2.1.3}{\376\377\000H\000o\000r\000n\000\355\000\040\000o\000d\000h\000a\000d\000\040\000p\000r\000a\000v\000d\001\033\000p\000o\000d\000o\000b\000n\000o\000s\000t\000i\000\040\000p\000r\001\157\000n\000i\000k\000u}{subsection.2.1}% 34
\BOOKMARK [3][-]{subsubsection.2.1.4}{\376\377\000P\000r\001\157\000n\000i\000k\000\040\000n\000e\000z\000\341\000v\000i\000s\000l\000\375\000c\000h\000\040\000j\000e\000v\001\157}{subsection.2.1}% 35
\BOOKMARK [3][-]{subsubsection.2.1.5}{\376\377\000S\000j\000e\000d\000n\000o\000c\000e\000n\000\355\000\040\000d\000v\000o\000u\000\040\000j\000e\000v\001\157}{subsection.2.1}% 36
\BOOKMARK [3][-]{subsubsection.2.1.6}{\376\377\000S\000j\000e\000d\000n\000o\000c\000e\000n\000\355\000\040\000n\000e\000s\000l\000u\001\015\000i\000t\000e\000l\000n\000\375\000c\000h\000\040\000j\000e\000v\001\157}{subsection.2.1}% 37
\BOOKMARK [3][-]{subsubsection.2.1.7}{\376\377\000P\000o\000d\000m\000\355\000n\001\033\000n\000\341\000\040\000p\000r\000a\000v\000d\001\033\000p\000o\000d\000o\000b\000n\000o\000s\000t}{subsection.2.1}% 38
\BOOKMARK [3][-]{subsubsection.2.1.8}{\376\377\000V\001\033\000t\000a\000\040\000o\000\040\000\372\000p\000l\000n\000\351\000\040\000p\000r\000a\000v\000d\001\033\000p\000o\000d\000o\000b\000n\000o\000s\000t\000i}{subsection.2.1}% 39
\BOOKMARK [2][-]{subsection.2.2}{\376\377\000N\000\341\000h\000o\000d\000n\000\351\000\040\000v\000e\000l\000i\001\015\000i\000n\000y}{section.2}% 40
\BOOKMARK [3][-]{subsubsection.2.2.1}{\376\377\000P\000r\000a\000v\000d\001\033\000p\000o\000d\000o\000b\000n\000o\000s\000t\000n\000\355\000\040\000f\000u\000n\000k\000c\000e\000\040\000d\000i\000s\000k\000r\000\351\000t\000n\000\355\000\040\000n\000\341\000h\000o\000d\000n\000\351\000\040\000v\000e\000l\000i\001\015\000i\000n\000y}{subsection.2.2}% 41
\BOOKMARK [3][-]{subsubsection.2.2.2}{\376\377\000D\000i\000s\000t\000r\000i\000b\000u\001\015\000n\000\355\000\040\000f\000u\000n\000k\000c\000e\000\040\000d\000i\000s\000k\000r\000\351\000t\000n\000\355\000\040\000n\000\341\000h\000o\000d\000n\000\351\000\040\000v\000e\000l\000i\001\015\000i\000n\000y}{subsection.2.2}% 42
\BOOKMARK [3][-]{subsubsection.2.2.3}{\376\377\000P\000r\000a\000v\000d\001\033\000p\000o\000d\000o\000b\000n\000o\000s\000t\000\040\000i\000n\000t\000e\000r\000v\000a\000l\000u}{subsection.2.2}% 43
\BOOKMARK [3][-]{subsubsection.2.2.4}{\376\377\000S\000t\001\131\000e\000d\000n\000\355\000\040\000h\000o\000d\000n\000o\000t\000a\000\040\000d\000i\000s\000k\000r\000\351\000t\000n\000\355\000\040\000n\000\341\000h\000o\000d\000n\000\351\000\040\000v\000e\000l\000i\001\015\000i\000n\000y}{subsection.2.2}% 44
\BOOKMARK [3][-]{subsubsection.2.2.5}{\376\377\000R\000o\000z\000p\000t\000y\000l\000\040\000d\000i\000s\000k\000r\000\351\000t\000n\000\355\000\040\000n\000\341\000h\000o\000d\000n\000\351\000\040\000v\000e\000l\000i\001\015\000i\000n\000y}{subsection.2.2}% 45
\BOOKMARK [3][-]{subsubsection.2.2.6}{\376\377\000H\000u\000s\000t\000o\000t\000a\000\040\000p\000r\000a\000v\000d\001\033\000p\000o\000d\000o\000b\000n\000o\000s\000t\000i\000\040\000s\000p\000o\000j\000i\000t\000\351\000\040\000n\000\341\000h\000o\000d\000n\000\351\000\040\000v\000e\000l\000i\001\015\000i\000n\000y}{subsection.2.2}% 46
\BOOKMARK [3][-]{subsubsection.2.2.7}{\376\377\000N\000o\000r\000m\000a\000l\000i\000z\000a\001\015\000n\000\355\000\040\000p\000o\000d\000m\000\355\000n\000k\000a\000\040\000h\000u\000s\000t\000o\000t\000y\000\040\000p\000r\000a\000v\000d\001\033\000p\000o\000d\000o\000b\000n\000o\000s\000t\000i}{subsection.2.2}% 47
\BOOKMARK [3][-]{subsubsection.2.2.8}{\376\377\000D\000i\000s\000t\000r\000i\000b\000u\001\015\000n\000\355\000\040\000f\000u\000n\000k\000c\000e\000\040\000s\000p\000o\000j\000i\000t\000\351\000\040\000n\000\341\000h\000o\000d\000n\000\351\000\040\000v\000e\000l\000i\001\015\000i\000n\000y}{subsection.2.2}% 48
\BOOKMARK [3][-]{subsubsection.2.2.9}{\376\377\000P\000r\000a\000v\000d\001\033\000p\000o\000d\000o\000b\000n\000o\000s\000t\000\040\000i\000n\000t\000e\000r\000v\000a\000l\000u\000\040\000s\000p\000o\000j\000i\000t\000\351\000\040\000n\000\341\000h\000o\000d\000n\000\351\000\040\000v\000e\000l\000i\001\015\000i\000n\000y}{subsection.2.2}% 49
\BOOKMARK [3][-]{subsubsection.2.2.10}{\376\377\000S\000t\001\131\000e\000d\000n\000\355\000\040\000h\000o\000d\000n\000o\000t\000a\000\040\000s\000p\000o\000j\000i\000t\000\351\000\040\000n\000\341\000h\000o\000d\000n\000\351\000\040\000v\000e\000l\000i\001\015\000i\000n\000y}{subsection.2.2}% 50
\BOOKMARK [3][-]{subsubsection.2.2.11}{\376\377\000R\000o\000z\000p\000t\000y\000l\000\040\000s\000p\000o\000j\000i\000t\000\351\000\040\000n\000\341\000h\000o\000d\000n\000\351\000\040\000v\000e\000l\000i\001\015\000i\000n\000y}{subsection.2.2}% 51
\BOOKMARK [3][-]{subsubsection.2.2.12}{\376\377\000S\000m\001\033\000r\000o\000d\000a\000t\000n\000\341\000\040\000o\000d\000c\000h\000y\000l\000k\000a\000\040\000n\000\341\000h\000o\000d\000n\000\351\000\040\000v\000e\000l\000i\001\015\000i\000n\000y}{subsection.2.2}% 52
\BOOKMARK [2][-]{subsection.2.3}{\376\377\000V\000l\000a\000s\000t\000n\000o\000s\000t\000i\000\040\000s\000t\001\131\000e\000d\000n\000\355\000\040\000h\000o\000d\000n\000o\000t\000y\000\040\000a\000\040\000r\000o\000z\000p\000t\000y\000l\000u}{section.2}% 53
\BOOKMARK [3][-]{subsubsection.2.3.1}{\376\377\000V\000l\000a\000s\000t\000n\000o\000s\000t\000i\000\040\000s\000t\001\131\000e\000d\000n\000\355\000\040\000h\000o\000d\000n\000o\000t\000y\000\040\000E\000\050\000X\000\051}{subsection.2.3}% 54
\BOOKMARK [3][-]{subsubsection.2.3.2}{\376\377\000V\000l\000a\000s\000t\000n\000o\000s\000t\000i\000\040\000r\000o\000z\000p\000t\000y\000l\000u\000\040\000D\000\050\000X\000\051}{subsection.2.3}% 55
\BOOKMARK [1][-]{section.3}{\376\377\000K\000o\000m\000b\000i\000n\000a\000t\000o\000r\000i\000k\000a\000\040\000a\000\040\000M\000e\000t\000r\000i\000k\000y}{}% 56
\BOOKMARK [2][-]{subsection.3.1}{\376\377\000K\000o\000m\000b\000i\000n\000a\000t\000o\000r\000i\000k\000a}{section.3}% 57
\BOOKMARK [2][-]{subsection.3.2}{\376\377\000L\000p\000\040\000N\000o\000r\000m\000y\000\040\000\050\000V\000z\000d\000\341\000l\000e\000n\000o\000s\000t\000i\000\040\000a\000\040\000p\000e\000n\000a\000l\000i\000z\000a\000c\000e\000\051}{section.3}% 58
\BOOKMARK [1][-]{section.4}{\376\377\000P\000r\000a\000v\000d\001\033\000p\000o\000d\000o\000b\000n\000o\000s\000t\000n\000\355\000\040\000r\000o\000z\000d\001\033\000l\000e\000n\000\355}{}% 59
\BOOKMARK [2][-]{subsection.4.1}{\376\377\000D\000i\000s\000k\000r\000\351\000t\000n\000\355\000\040\000r\000o\000z\000d\001\033\000l\000e\000n\000\355}{section.4}% 60
\BOOKMARK [3][-]{subsubsection.4.1.1}{\376\377\000B\000i\000n\000o\000m\000i\000c\000k\000\351\000\040\000r\000o\000z\000d\001\033\000l\000e\000n\000\355\000\040\000B\000i\000n\000\050\000n\000,\000p\000\051}{subsection.4.1}% 61
\BOOKMARK [3][-]{subsubsection.4.1.2}{\376\377\000P\000o\000i\000s\000s\000o\000n\000o\000v\000o\000\040\000r\000o\000z\000d\001\033\000l\000e\000n\000\355\000\040\000P\000o\000i\000s\000\050\000\051}{subsection.4.1}% 62
\BOOKMARK [3][-]{subsubsection.4.1.3}{\376\377\000H\000y\000p\000e\000r\000g\000e\000o\000m\000e\000t\000r\000i\000c\000k\000\351\000\040\000r\000o\000z\000d\001\033\000l\000e\000n\000\355\000\040\000H\000y\000p\000e\000r\000\050\000N\000,\000K\000,\000n\000\051}{subsection.4.1}% 63
\BOOKMARK [2][-]{subsection.4.2}{\376\377\000S\000p\000o\000j\000i\000t\000\341\000\040\000r\000o\000z\000d\001\033\000l\000e\000n\000\355}{section.4}% 64
\BOOKMARK [3][-]{subsubsection.4.2.1}{\376\377\000N\000o\000r\000m\000\341\000l\000n\000\355\000\040\000r\000o\000z\000d\001\033\000l\000e\000n\000\355\000\040\000N\000\050\000,\0002\000\051}{subsection.4.2}% 65
\BOOKMARK [3][-]{subsubsection.4.2.2}{\376\377\000R\000o\000v\000n\000o\000m\001\033\000r\000n\000\351\000\040\000r\000o\000z\000d\001\033\000l\000e\000n\000\355\000\040\000U\000\050\000a\000,\000b\000\051}{subsection.4.2}% 66
\BOOKMARK [3][-]{subsubsection.4.2.3}{\376\377\000E\000x\000p\000o\000n\000e\000n\000c\000i\000\341\000l\000n\000\355\000\040\000r\000o\000z\000d\001\033\000l\000e\000n\000\355\000\040\000E\000x\000p\000\050\000\051}{subsection.4.2}% 67
\BOOKMARK [2][-]{subsection.4.3}{\376\377\000O\000d\000v\000o\000z\000e\000n\000\341\000\040\000r\000o\000z\000d\001\033\000l\000e\000n\000\355}{section.4}% 68
\BOOKMARK [3][-]{subsubsection.4.3.1}{\376\377\000S\000t\000u\000d\000e\000n\000t\000o\000v\000o\000\040\000t\000-\000r\000o\000z\000d\001\033\000l\000e\000n\000\355\000\040\000t\000\050\000\051}{subsection.4.3}% 69
\BOOKMARK [3][-]{subsubsection.4.3.2}{\376\377\000C\000h\000\355\000-\000k\000v\000a\000d\000r\000\341\000t\000\040\000r\000o\000z\000d\001\033\000l\000e\000n\000\355\000\040\0002\000\050\000k\000\051}{subsection.4.3}% 70
\BOOKMARK [3][-]{subsubsection.4.3.3}{\376\377\000F\000-\000r\000o\000z\000d\001\033\000l\000e\000n\000\355\000\040\000F\000\050\000k\0001\000,\000k\0002\000\051}{subsection.4.3}% 71
\BOOKMARK [1][-]{section.5}{\376\377\000T\000e\000s\000t\000o\000v\000\341\000n\000\355\000\040\000h\000y\000p\000o\000t\000\351\000z}{}% 72
\BOOKMARK [2][-]{subsection.5.1}{\376\377\000B\000o\000d\000o\000v\000\375\000\040\000o\000d\000h\000a\000d}{section.5}% 73
\BOOKMARK [2][-]{subsection.5.2}{\376\377\000I\000n\000t\000e\000r\000v\000a\000l\000y\000\040\000s\000p\000o\000l\000e\000h\000l\000i\000v\000o\000s\000t\000i\000\040\000a\000\040\000v\000e\000l\000i\000k\000o\000s\000t\000\040\000v\000\375\000b\001\033\000r\000u}{section.5}% 74
\BOOKMARK [3][-]{subsubsection.5.2.1}{\376\377\000I\000n\000t\000e\000r\000v\000a\000l\000\040\000p\000r\000o\000\040\000p\000r\001\157\000m\001\033\000r\000\040\000\050\000\051}{subsection.5.2}% 75
\BOOKMARK [3][-]{subsubsection.5.2.2}{\376\377\000I\000n\000t\000e\000r\000v\000a\000l\000\040\000p\000r\000o\000\040\000p\000o\000d\000\355\000l\000\040\000\050\000\051}{subsection.5.2}% 76
\BOOKMARK [3][-]{subsubsection.5.2.3}{\376\377\000P\000o\000t\001\131\000e\000b\000n\000\341\000\040\000v\000e\000l\000i\000k\000o\000s\000t\000\040\000v\000\375\000b\001\033\000r\000u\000\040\000\050\000n\000\051}{subsection.5.2}% 77
\BOOKMARK [2][-]{subsection.5.3}{\376\377\000J\000e\000d\000n\000o\000v\000\375\000b\001\033\000r\000o\000v\000\375\000\040\000t\000-\000t\000e\000s\000t\000\040\000\050\000s\000t\001\131\000e\000d\000n\000\355\000\040\000h\000o\000d\000n\000o\000t\000a\000\051}{section.5}% 78
\BOOKMARK [2][-]{subsection.5.4}{\376\377\000D\000v\000o\000u\000v\000\375\000b\001\033\000r\000o\000v\000\375\000\040\000t\000-\000t\000e\000s\000t\000\040\000\050\000W\000e\000l\000c\000h\001\157\000v\000\051}{section.5}% 79
\BOOKMARK [2][-]{subsection.5.5}{\376\377\000P\000\341\000r\000o\000v\000\375\000\040\000t\000-\000t\000e\000s\000t}{section.5}% 80
\BOOKMARK [2][-]{subsection.5.6}{\376\377\000T\000e\000s\000t\000\040\000p\000r\000o\000p\000o\000r\000c\000e\000\040\000\050\000Z\000-\000t\000e\000s\000t\000\051}{section.5}% 81
\BOOKMARK [2][-]{subsection.5.7}{\376\377\000J\000e\000d\000n\000o\000c\000e\000s\000t\000n\000\341\000\040\000a\000n\000a\000l\000\375\000z\000a\000\040\000r\000o\000z\000p\000t\000y\000l\000u\000\040\000\050\000A\000N\000O\000V\000A\000\051}{section.5}% 82
\BOOKMARK [2][-]{subsection.5.8}{\376\377\000C\000h\000\355\000-\000k\000v\000a\000d\000r\000\341\000t\000\040\000t\000e\000s\000t\000\040\000d\000o\000b\000r\000\351\000\040\000s\000h\000o\000d\000y}{section.5}% 83
\BOOKMARK [2][-]{subsection.5.9}{\376\377\000C\000h\000\355\000-\000k\000v\000a\000d\000r\000\341\000t\000\040\000t\000e\000s\000t\000\040\000n\000e\000z\000\341\000v\000i\000s\000l\000o\000s\000t\000i}{section.5}% 84
\BOOKMARK [1][-]{section.6}{\376\377\000A\000n\000a\000l\000\375\000z\000a\000\040\000z\000\341\000v\000i\000s\000l\000o\000s\000t\000i}{}% 85
\BOOKMARK [2][-]{subsection.6.1}{\376\377\000K\000o\000r\000e\000l\000a\001\015\000n\000\355\000\040\000a\000n\000a\000l\000\375\000z\000a}{section.6}% 86
\BOOKMARK [3][-]{subsubsection.6.1.1}{\376\377\000P\000e\000a\000r\000s\000o\000n\001\157\000v\000\040\000k\000o\000r\000e\000l\000a\001\015\000n\000\355\000\040\000k\000o\000e\000f\000i\000c\000i\000e\000n\000t}{subsection.6.1}% 87
\BOOKMARK [3][-]{subsubsection.6.1.2}{\376\377\000S\000p\000e\000a\000r\000m\000a\000n\001\157\000v\000\040\000k\000o\000r\000e\000l\000a\001\015\000n\000\355\000\040\000k\000o\000e\000f\000i\000c\000i\000e\000n\000t}{subsection.6.1}% 88
\BOOKMARK [2][-]{subsection.6.2}{\376\377\000J\000e\000d\000n\000o\000d\000u\000c\000h\000\341\000\040\000l\000i\000n\000e\000\341\000r\000n\000\355\000\040\000r\000e\000g\000r\000e\000s\000e}{section.6}% 89
\BOOKMARK [3][-]{subsubsection.6.2.1}{\376\377\000O\000d\000h\000a\000d\000\040\000k\000o\000e\000f\000i\000c\000i\000e\000n\000t\001\157\000\040\000\050\000M\000N\001\014\000\051}{subsection.6.2}% 90
\BOOKMARK [3][-]{subsubsection.6.2.2}{\376\377\000S\000o\000u\001\015\000t\000y\000\040\001\015\000t\000v\000e\000r\000c\001\157\000\040\000a\000\040\000k\000o\000e\000f\000i\000c\000i\000e\000n\000t\000\040\000d\000e\000t\000e\000r\000m\000i\000n\000a\000c\000e\000\040\000R\0002}{subsection.6.2}% 91
\BOOKMARK [3][-]{subsubsection.6.2.3}{\376\377\000t\000-\000t\000e\000s\000t\000\040\000a\000\040\000F\000-\000t\000e\000s\000t\000\040\000p\000l\000a\000t\000n\000o\000s\000t\000i\000\040\000m\000o\000d\000e\000l\000u}{subsection.6.2}% 92
\BOOKMARK [3][-]{subsubsection.6.2.4}{\376\377\000P\000r\000e\000d\000i\000k\000c\000e}{subsection.6.2}% 93
\BOOKMARK [1][-]{section.7}{\376\377\001\014\000a\000s\000o\000v\000\351\000\040\001\131\000a\000d\000y}{}% 94
\BOOKMARK [2][-]{subsection.7.1}{\376\377\000Z\000\341\000k\000l\000a\000d\000n\000\355\000\040\000c\000h\000a\000r\000a\000k\000t\000e\000r\000i\000s\000t\000i\000k\000y}{section.7}% 95
\BOOKMARK [3][-]{subsubsection.7.1.1}{\376\377\000A\000b\000s\000o\000l\000u\000t\000n\000\355\000\040\000p\001\131\000\355\000r\001\157\000s\000t\000k\000y\000\040\000a\000\040\000t\000e\000m\000p\000a\000\040\000r\001\157\000s\000t\000u}{subsection.7.1}% 96
\BOOKMARK [3][-]{subsubsection.7.1.2}{\376\377\000C\000h\000r\000o\000n\000o\000l\000o\000g\000i\000c\000k\000\375\000\040\000p\000r\001\157\000m\001\033\000r}{subsection.7.1}% 97
\BOOKMARK [2][-]{subsection.7.2}{\376\377\000K\000l\000o\000u\000z\000a\000v\000\351\000\040\000p\000r\001\157\000m\001\033\000r\000y}{section.7}% 98
\BOOKMARK [3][-]{subsubsection.7.2.1}{\376\377\000P\000r\000o\000s\000t\000\375\000\040\000k\000l\000o\000u\000z\000a\000v\000\375\000\040\000p\000r\001\157\000m\001\033\000r\000\040\000\050\000l\000i\000c\000h\000\351\000\040\000m\000\051}{subsection.7.2}% 99
\BOOKMARK [3][-]{subsubsection.7.2.2}{\376\377\000C\000e\000n\000t\000r\000o\000v\000a\000n\000\375\000\040\000k\000l\000o\000u\000z\000a\000v\000\375\000\040\000p\000r\001\157\000m\001\033\000r\000\040\000\050\000s\000u\000d\000\351\000\040\000m\000\051}{subsection.7.2}% 100
\BOOKMARK [2][-]{subsection.7.3}{\376\377\000T\000r\000e\000n\000d\000\040\000a\000\040\000s\000e\000z\000\363\000n\000n\000o\000s\000t\000\040\040\023\000\040\000r\000e\000g\000r\000e\000s\000n\000\355\000\040\000p\001\131\000\355\000s\000t\000u\000p}{section.7}% 101
\BOOKMARK [3][-]{subsubsection.7.3.1}{\376\377\000D\000u\000m\000m\000y\000\040\000p\000r\000o\000m\001\033\000n\000n\000\351\000\040\000a\000\040\000m\000o\000d\000e\000l}{subsection.7.3}% 102
\BOOKMARK [3][-]{subsubsection.7.3.2}{\376\377\000D\000e\000k\000o\000m\000p\000o\000z\000i\000c\000e\000\040\001\015\000a\000s\000o\000v\000\351\000\040\001\131\000a\000d\000y}{subsection.7.3}% 103
\BOOKMARK [3][-]{subsubsection.7.3.3}{\376\377\000P\000r\000e\000d\000i\000k\000c\000e\000\040\000n\000a\000\040\000b\000u\000d\000o\000u\000c\000\355\000\040\000o\000b\000d\000o\000b\000\355}{subsection.7.3}% 104
\BOOKMARK [1][-]{section.8}{\376\377\000P\001\131\000\355\000l\000o\000h\000a\000:\000\040\000U\000t\000i\000l\000i\000t\000y\000\040\000f\000u\000n\000k\000c\000e\000\040\000v\000\040\000P\000y\000t\000h\000o\000n\000u}{}% 105
\BOOKMARK [2][-]{subsection.8.1}{\376\377\000U\001\176\000i\000t\000e\001\015\000n\000\351\000\040\000k\000n\000i\000h\000o\000v\000n\000y\000\040\000a\000\040\000z\000\341\000k\000l\000a\000d\000y}{section.8}% 106
\BOOKMARK [2][-]{subsection.8.2}{\376\377\000P\000r\000\341\000c\000e\000\040\000s\000\040\000p\000o\000l\000i\000\040\000\050\000S\000t\000a\000n\000d\000a\000r\000d\000n\000\355\000\040\000P\000y\000t\000h\000o\000n\000\051}{section.8}% 107
\BOOKMARK [2][-]{subsection.8.3}{\376\377\000Z\000\341\000k\000l\000a\000d\000n\000\355\000\040\000P\000y\000t\000h\000o\000n\000\040\000\050\000B\000u\000i\000l\000t\000-\000i\000n\000\040\000\046\000\040\000M\000a\000t\000h\000\051}{section.8}% 108
\BOOKMARK [2][-]{subsection.8.4}{\376\377\000S\000t\000a\000t\000i\000s\000t\000i\000k\000a\000\040\000a\000\040\000M\000a\000t\000i\000c\000e\000\040\000\050\000K\000n\000i\000h\000o\000v\000n\000a\000\040\000N\000u\000m\000P\000y\000\040\000a\000\040\000j\000i\000n\000\351\000\051}{section.8}% 109
\BOOKMARK [2][-]{subsection.8.5}{\376\377\000P\000a\000n\000d\000a\000s\000:\000\040\000A\000n\000a\000l\000\375\000z\000a\000\040\000d\000a\000t}{section.8}% 110
\BOOKMARK [2][-]{subsection.8.6}{\376\377\000M\000a\000t\000p\000l\000o\000t\000l\000i\000b\000\040\000a\000\040\000S\000e\000a\000b\000o\000r\000n\000:\000\040\000V\000i\000z\000u\000a\000l\000i\000z\000a\000c\000e}{section.8}% 111
\BOOKMARK [2][-]{subsection.8.7}{\376\377\000N\000\341\000h\000o\000d\000n\000\351\000\040\000v\000e\000l\000i\001\015\000i\000n\000y\000\040\000a\000\040\000r\000o\000z\000d\001\033\000l\000e\000n\000\355}{section.8}% 112
\BOOKMARK [1][-]{section.9}{\376\377\000P\001\131\000\355\000l\000o\000h\000a\000:\000\040\000U\000t\000i\000l\000i\000t\000y\000\040\000f\000u\000n\000k\000c\000e\000\040\000v\000\040\000R}{}% 113
\BOOKMARK [2][-]{subsection.9.1}{\376\377\000N\000\341\000h\000o\000d\000n\000\351\000\040\000v\000e\000l\000i\001\015\000i\000n\000y\000\040\000a\000\040\000r\000o\000z\000d\001\033\000l\000e\000n\000\355}{section.9}% 114
\BOOKMARK [2][-]{subsection.9.2}{\376\377\000P\000r\000\341\000c\000e\000\040\000s\000\040\000d\000a\000t\000y\000\040\000v\000\040\000R}{section.9}% 115
