This is pdfTeX, Version 3.141592653-2.6-1.40.27 (MiKTeX 25.4) (preloaded format=pdflatex 2025.9.21)  17 MAY 2026 10:21
entering extended mode
 restricted \write18 enabled.
 %&-line parsing enabled.
**./_vzorcovnik_.tex
(_vzorcovnik_.tex
LaTeX2e <2025-06-01> patch level 1
L3 programming layer <2025-08-13>

(C:\Users\lubomir.stepanek\AppData\Local\Programs\MiKTeX\tex/latex/base\article
.cls
Document Class: article 2025/01/22 v1.4n Standard LaTeX document class

(C:\Users\lubomir.stepanek\AppData\Local\Programs\MiKTeX\tex/latex/base\size11.
clo
File: size11.clo 2025/01/22 v1.4n Standard LaTeX file (size option)
)
\c@part=\count275
\c@section=\count276
\c@subsection=\count277
\c@subsubsection=\count278
\c@paragraph=\count279
\c@subparagraph=\count280
\c@figure=\count281
\c@table=\count282
\abovecaptionskip=\skip49
\belowcaptionskip=\skip50
\bibindent=\dimen148
)
(C:\Users\lubomir.stepanek\AppData\Local\Programs\MiKTeX\tex/latex/base\inputen
c.sty
Package: inputenc 2024/02/08 v1.3d Input encoding file
\inpenc@prehook=\toks17
\inpenc@posthook=\toks18
)
(C:\Users\lubomir.stepanek\AppData\Local\Programs\MiKTeX\tex/latex/base\fontenc
.sty
Package: fontenc 2024/12/21 v2.1c Standard LaTeX package
)
(C:\Users\lubomir.stepanek\AppData\Local\Programs\MiKTeX\tex/generic/babel\babe
l.sty
Package: babel 2025/08/03 v25.12 The multilingual framework for LuaLaTeX, pdfLa
TeX and XeLaTeX
\babel@savecnt=\count283
LaTeX Encoding Info:    Redeclaring text command \ij (encoding OT1) on input li
ne 2045.
LaTeX Encoding Info:    Redeclaring text command \IJ (encoding OT1) on input li
ne 2047.
LaTeX Encoding Info:    Redeclaring text command \ij (encoding T1) on input lin
e 2049.
LaTeX Encoding Info:    Redeclaring text command \IJ (encoding T1) on input lin
e 2050.
LaTeX Encoding Info:    Ignoring declaration for text command \ij (encoding ?) 
on input line 2051.
LaTeX Encoding Info:    Ignoring declaration for text command \IJ (encoding ?) 
on input line 2053.
LaTeX Encoding Info:    Ignoring declaration for text command \SS (encoding ?) 
on input line 2078.
\U@D=\dimen149
\l@unhyphenated=\language84

(C:\Users\lubomir.stepanek\AppData\Local\Programs\MiKTeX\tex/generic/babel\txtb
abel.def)
\bbl@readstream=\read2
\bbl@dirlevel=\count284

*************************************
* Local config file bblopts.cfg used
*

(C:\Users\lubomir.stepanek\AppData\Local\Programs\MiKTeX\tex/latex/arabi\bblopt
s.cfg
File: bblopts.cfg 2005/09/08 v0.1 add Arabic and Farsi to "declared" options of
 babel
)
(C:\Users\lubomir.stepanek\AppData\Local\Programs\MiKTeX\tex/latex/babel-czech\
czech.ldf
Language: czech 2008/07/06 v3.1a Czech support from the babel system

(C:\Users\lubomir.stepanek\AppData\Local\Programs\MiKTeX\tex/generic/babel/loca
le/cs\babel-czech.tex
Package babel Info: Importing font and identification data for czech
(babel)             from babel-cs.ini. Reported on input line 12.
)
Package babel Info: Making " an active character on input line 172.
\cs@wordlen=\count285
Package babel Info: Making - an active character on input line 226.
))
(C:\Users\lubomir.stepanek\AppData\Local\Programs\MiKTeX\tex/latex/geometry\geo
metry.sty
Package: geometry 2020/01/02 v5.9 Page Geometry

(C:\Users\lubomir.stepanek\AppData\Local\Programs\MiKTeX\tex/latex/graphics\key
val.sty
Package: keyval 2022/05/29 v1.15 key=value parser (DPC)
\KV@toks@=\toks19
)
(C:\Users\lubomir.stepanek\AppData\Local\Programs\MiKTeX\tex/generic/iftex\ifvt
ex.sty
Package: ifvtex 2019/10/25 v1.7 ifvtex legacy package. Use iftex instead.

(C:\Users\lubomir.stepanek\AppData\Local\Programs\MiKTeX\tex/generic/iftex\ifte
x.sty
Package: iftex 2024/12/12 v1.0g TeX engine tests
))
\Gm@cnth=\count286
\Gm@cntv=\count287
\c@Gm@tempcnt=\count288
\Gm@bindingoffset=\dimen150
\Gm@wd@mp=\dimen151
\Gm@odd@mp=\dimen152
\Gm@even@mp=\dimen153
\Gm@layoutwidth=\dimen154
\Gm@layoutheight=\dimen155
\Gm@layouthoffset=\dimen156
\Gm@layoutvoffset=\dimen157
\Gm@dimlist=\toks20

(C:\Users\lubomir.stepanek\AppData\Local\Programs\MiKTeX\tex/latex/geometry\geo
metry.cfg))
(C:\Users\lubomir.stepanek\AppData\Local\Programs\MiKTeX\tex/latex/amsmath\amsm
ath.sty
Package: amsmath 2025/06/16 v2.17y AMS math features
\@mathmargin=\skip51

For additional information on amsmath, use the `?' option.

(C:\Users\lubomir.stepanek\AppData\Local\Programs\MiKTeX\tex/latex/amsmath\amst
ext.sty
Package: amstext 2024/11/17 v2.01 AMS text

(C:\Users\lubomir.stepanek\AppData\Local\Programs\MiKTeX\tex/latex/amsmath\amsg
en.sty
File: amsgen.sty 1999/11/30 v2.0 generic functions
\@emptytoks=\toks21
\ex@=\dimen158
))
(C:\Users\lubomir.stepanek\AppData\Local\Programs\MiKTeX\tex/latex/amsmath\amsb
sy.sty
Package: amsbsy 1999/11/29 v1.2d Bold Symbols
\pmbraise@=\dimen159
)
(C:\Users\lubomir.stepanek\AppData\Local\Programs\MiKTeX\tex/latex/amsmath\amso
pn.sty
Package: amsopn 2022/04/08 v2.04 operator names
)
\inf@bad=\count289
LaTeX Info: Redefining \frac on input line 233.
\uproot@=\count290
\leftroot@=\count291
LaTeX Info: Redefining \overline on input line 398.
LaTeX Info: Redefining \colon on input line 409.
\classnum@=\count292
\DOTSCASE@=\count293
LaTeX Info: Redefining \ldots on input line 495.
LaTeX Info: Redefining \dots on input line 498.
LaTeX Info: Redefining \cdots on input line 619.
\Mathstrutbox@=\box53
\strutbox@=\box54
LaTeX Info: Redefining \big on input line 721.
LaTeX Info: Redefining \Big on input line 722.
LaTeX Info: Redefining \bigg on input line 723.
LaTeX Info: Redefining \Bigg on input line 724.
\big@size=\dimen160
LaTeX Font Info:    Redeclaring font encoding OML on input line 742.
LaTeX Font Info:    Redeclaring font encoding OMS on input line 743.
\macc@depth=\count294
LaTeX Info: Redefining \bmod on input line 904.
LaTeX Info: Redefining \pmod on input line 909.
LaTeX Info: Redefining \smash on input line 939.
LaTeX Info: Redefining \relbar on input line 969.
LaTeX Info: Redefining \Relbar on input line 970.
\c@MaxMatrixCols=\count295
\dotsspace@=\muskip17
\c@parentequation=\count296
\dspbrk@lvl=\count297
\tag@help=\toks22
\row@=\count298
\column@=\count299
\maxfields@=\count300
\andhelp@=\toks23
\eqnshift@=\dimen161
\alignsep@=\dimen162
\tagshift@=\dimen163
\tagwidth@=\dimen164
\totwidth@=\dimen165
\lineht@=\dimen166
\@envbody=\toks24
\multlinegap=\skip52
\multlinetaggap=\skip53
\mathdisplay@stack=\toks25
LaTeX Info: Redefining \[ on input line 2949.
LaTeX Info: Redefining \] on input line 2950.
)
(C:\Users\lubomir.stepanek\AppData\Local\Programs\MiKTeX\tex/latex/amsfonts\ams
fonts.sty
Package: amsfonts 2013/01/14 v3.01 Basic AMSFonts support
\symAMSa=\mathgroup4
\symAMSb=\mathgroup5
LaTeX Font Info:    Redeclaring math symbol \hbar on input line 98.
LaTeX Font Info:    Overwriting math alphabet `\mathfrak' in version `bold'
(Font)                  U/euf/m/n --> U/euf/b/n on input line 106.
)
(C:\Users\lubomir.stepanek\AppData\Local\Programs\MiKTeX\tex/latex/amsfonts\ams
symb.sty
Package: amssymb 2013/01/14 v3.01 AMS font symbols
)
(C:\Users\lubomir.stepanek\AppData\Local\Programs\MiKTeX\tex/latex/mathtools\ma
thtools.sty
Package: mathtools 2024/10/04 v1.31 mathematical typesetting tools

(C:\Users\lubomir.stepanek\AppData\Local\Programs\MiKTeX\tex/latex/tools\calc.s
ty
Package: calc 2025/03/01 v4.3b Infix arithmetic (KKT,FJ)
\calc@Acount=\count301
\calc@Bcount=\count302
\calc@Adimen=\dimen167
\calc@Bdimen=\dimen168
\calc@Askip=\skip54
\calc@Bskip=\skip55
LaTeX Info: Redefining \setlength on input line 86.
LaTeX Info: Redefining \addtolength on input line 87.
\calc@Ccount=\count303
\calc@Cskip=\skip56
)
(C:\Users\lubomir.stepanek\AppData\Local\Programs\MiKTeX\tex/latex/mathtools\mh
setup.sty
Package: mhsetup 2021/03/18 v1.4 programming setup (MH)
)
\g_MT_multlinerow_int=\count304
\l_MT_multwidth_dim=\dimen169
\origjot=\skip57
\l_MT_shortvdotswithinadjustabove_dim=\dimen170
\l_MT_shortvdotswithinadjustbelow_dim=\dimen171
\l_MT_above_intertext_sep=\dimen172
\l_MT_below_intertext_sep=\dimen173
\l_MT_above_shortintertext_sep=\dimen174
\l_MT_below_shortintertext_sep=\dimen175
\xmathstrut@box=\box55
\xmathstrut@dim=\dimen176
)
(C:\Users\lubomir.stepanek\AppData\Local\Programs\MiKTeX\tex/latex/tools\bm.sty
Package: bm 2023/12/19 v1.2f Bold Symbol Support (DPC/FMi)
\symboldoperators=\mathgroup6
\symboldletters=\mathgroup7
\symboldsymbols=\mathgroup8
Package bm Info: No bold for \OMX/cmex/m/n, using \pmb.
Package bm Info: No bold for \U/msa/m/n, using \pmb.
Package bm Info: No bold for \U/msb/m/n, using \pmb.
LaTeX Font Info:    Redeclaring math alphabet \mathbf on input line 149.
)
(C:\Users\lubomir.stepanek\AppData\Local\Programs\MiKTeX\tex/latex/graphics\gra
phicx.sty
Package: graphicx 2024/12/31 v1.2e Enhanced LaTeX Graphics (DPC,SPQR)

(C:\Users\lubomir.stepanek\AppData\Local\Programs\MiKTeX\tex/latex/graphics\gra
phics.sty
Package: graphics 2024/08/06 v1.4g Standard LaTeX Graphics (DPC,SPQR)

(C:\Users\lubomir.stepanek\AppData\Local\Programs\MiKTeX\tex/latex/graphics\tri
g.sty
Package: trig 2023/12/02 v1.11 sin cos tan (DPC)
)
(C:\Users\lubomir.stepanek\AppData\Local\Programs\MiKTeX\tex/latex/graphics-cfg
\graphics.cfg
File: graphics.cfg 2016/06/04 v1.11 sample graphics configuration
)
Package graphics Info: Driver file: pdftex.def on input line 106.

(C:\Users\lubomir.stepanek\AppData\Local\Programs\MiKTeX\tex/latex/graphics-def
\pdftex.def
File: pdftex.def 2024/04/13 v1.2c Graphics/color driver for pdftex
))
\Gin@req@height=\dimen177
\Gin@req@width=\dimen178
)
(C:\Users\lubomir.stepanek\AppData\Local\Programs\MiKTeX\tex/latex/hyperref\hyp
erref.sty
Package: hyperref 2025-07-12 v7.01o Hypertext links for LaTeX

(C:\Users\lubomir.stepanek\AppData\Local\Programs\MiKTeX\tex/latex/kvsetkeys\kv
setkeys.sty
Package: kvsetkeys 2022-10-05 v1.19 Key value parser (HO)
)
(C:\Users\lubomir.stepanek\AppData\Local\Programs\MiKTeX\tex/generic/kvdefineke
ys\kvdefinekeys.sty
Package: kvdefinekeys 2019-12-19 v1.6 Define keys (HO)
)
(C:\Users\lubomir.stepanek\AppData\Local\Programs\MiKTeX\tex/generic/pdfescape\
pdfescape.sty
Package: pdfescape 2019/12/09 v1.15 Implements pdfTeX's escape features (HO)

(C:\Users\lubomir.stepanek\AppData\Local\Programs\MiKTeX\tex/generic/ltxcmds\lt
xcmds.sty
Package: ltxcmds 2023-12-04 v1.26 LaTeX kernel commands for general use (HO)
)
(C:\Users\lubomir.stepanek\AppData\Local\Programs\MiKTeX\tex/generic/pdftexcmds
\pdftexcmds.sty
Package: pdftexcmds 2020-06-27 v0.33 Utility functions of pdfTeX for LuaTeX (HO
)

(C:\Users\lubomir.stepanek\AppData\Local\Programs\MiKTeX\tex/generic/infwarerr\
infwarerr.sty
Package: infwarerr 2019/12/03 v1.5 Providing info/warning/error messages (HO)
)
Package pdftexcmds Info: \pdf@primitive is available.
Package pdftexcmds Info: \pdf@ifprimitive is available.
Package pdftexcmds Info: \pdfdraftmode found.
))
(C:\Users\lubomir.stepanek\AppData\Local\Programs\MiKTeX\tex/latex/hycolor\hyco
lor.sty
Package: hycolor 2020-01-27 v1.10 Color options for hyperref/bookmark (HO)
)
(C:\Users\lubomir.stepanek\AppData\Local\Programs\MiKTeX\tex/latex/hyperref\nam
eref.sty
Package: nameref 2025-06-21 v2.57 Cross-referencing by name of section

(C:\Users\lubomir.stepanek\AppData\Local\Programs\MiKTeX\tex/latex/refcount\ref
count.sty
Package: refcount 2019/12/15 v3.6 Data extraction from label references (HO)
)
(C:\Users\lubomir.stepanek\AppData\Local\Programs\MiKTeX\tex/generic/gettitlest
ring\gettitlestring.sty
Package: gettitlestring 2019/12/15 v1.6 Cleanup title references (HO)

(C:\Users\lubomir.stepanek\AppData\Local\Programs\MiKTeX\tex/latex/kvoptions\kv
options.sty
Package: kvoptions 2022-06-15 v3.15 Key value format for package options (HO)
))
\c@section@level=\count305
)
(C:\Users\lubomir.stepanek\AppData\Local\Programs\MiKTeX\tex/latex/etoolbox\eto
olbox.sty
Package: etoolbox 2025/02/11 v2.5l e-TeX tools for LaTeX (JAW)
\etb@tempcnta=\count306
)
(C:\Users\lubomir.stepanek\AppData\Local\Programs\MiKTeX\tex/generic/stringenc\
stringenc.sty
Package: stringenc 2019/11/29 v1.12 Convert strings between diff. encodings (HO
)
)
\@linkdim=\dimen179
\Hy@linkcounter=\count307
\Hy@pagecounter=\count308

(C:\Users\lubomir.stepanek\AppData\Local\Programs\MiKTeX\tex/latex/hyperref\pd1
enc.def
File: pd1enc.def 2025-07-12 v7.01o Hyperref: PDFDocEncoding definition (HO)
Now handling font encoding PD1 ...
... no UTF-8 mapping file for font encoding PD1
)
(C:\Users\lubomir.stepanek\AppData\Local\Programs\MiKTeX\tex/generic/intcalc\in
tcalc.sty
Package: intcalc 2019/12/15 v1.3 Expandable calculations with integers (HO)
)
\Hy@SavedSpaceFactor=\count309

(C:\Users\lubomir.stepanek\AppData\Local\Programs\MiKTeX\tex/latex/hyperref\pue
nc.def
File: puenc.def 2025-07-12 v7.01o Hyperref: PDF Unicode definition (HO)
Now handling font encoding PU ...
... no UTF-8 mapping file for font encoding PU
)
Package hyperref Info: Hyper figures OFF on input line 4195.
Package hyperref Info: Link nesting OFF on input line 4200.
Package hyperref Info: Hyper index ON on input line 4203.
Package hyperref Info: Plain pages OFF on input line 4210.
Package hyperref Info: Backreferencing OFF on input line 4215.
Package hyperref Info: Implicit mode ON; LaTeX internals redefined.
Package hyperref Info: Bookmarks ON on input line 4462.
\c@Hy@tempcnt=\count310

(C:\Users\lubomir.stepanek\AppData\Local\Programs\MiKTeX\tex/latex/url\url.sty
\Urlmuskip=\muskip18
Package: url 2013/09/16  ver 3.4  Verb mode for urls, etc.
)
LaTeX Info: Redefining \url on input line 4801.
\XeTeXLinkMargin=\dimen180

(C:\Users\lubomir.stepanek\AppData\Local\Programs\MiKTeX\tex/generic/bitset\bit
set.sty
Package: bitset 2019/12/09 v1.3 Handle bit-vector datatype (HO)

(C:\Users\lubomir.stepanek\AppData\Local\Programs\MiKTeX\tex/generic/bigintcalc
\bigintcalc.sty
Package: bigintcalc 2019/12/15 v1.5 Expandable calculations on big integers (HO
)
))
\Fld@menulength=\count311
\Field@Width=\dimen181
\Fld@charsize=\dimen182
Package hyperref Info: Hyper figures OFF on input line 6078.
Package hyperref Info: Link nesting OFF on input line 6083.
Package hyperref Info: Hyper index ON on input line 6086.
Package hyperref Info: backreferencing OFF on input line 6093.
Package hyperref Info: Link coloring OFF on input line 6098.
Package hyperref Info: Link coloring with OCG OFF on input line 6103.
Package hyperref Info: PDF/A mode OFF on input line 6108.
\Hy@abspage=\count312
\c@Item=\count313
\c@Hfootnote=\count314
)
Package hyperref Info: Driver (autodetected): hpdftex.

(C:\Users\lubomir.stepanek\AppData\Local\Programs\MiKTeX\tex/latex/hyperref\hpd
ftex.def
File: hpdftex.def 2025-07-12 v7.01o Hyperref driver for pdfTeX
\Fld@listcount=\count315
\c@bookmark@seq@number=\count316

(C:\Users\lubomir.stepanek\AppData\Local\Programs\MiKTeX\tex/latex/rerunfileche
ck\rerunfilecheck.sty
Package: rerunfilecheck 2025-06-21 v1.11 Rerun checks for auxiliary files (HO)

(C:\Users\lubomir.stepanek\AppData\Local\Programs\MiKTeX\tex/generic/uniquecoun
ter\uniquecounter.sty
Package: uniquecounter 2019/12/15 v1.4 Provide unlimited unique counter (HO)
)
Package uniquecounter Info: New unique counter `rerunfilecheck' on input line 2
84.
)
\Hy@SectionHShift=\skip58
)
(C:\Users\lubomir.stepanek\AppData\Local\Programs\MiKTeX\tex/latex/xcolor\xcolo
r.sty
Package: xcolor 2024/09/29 v3.02 LaTeX color extensions (UK)

(C:\Users\lubomir.stepanek\AppData\Local\Programs\MiKTeX\tex/latex/graphics-cfg
\color.cfg
File: color.cfg 2016/01/02 v1.6 sample color configuration
)
Package xcolor Info: Driver file: pdftex.def on input line 274.

(C:\Users\lubomir.stepanek\AppData\Local\Programs\MiKTeX\tex/latex/graphics\mat
hcolor.ltx)
Package xcolor Info: Model `cmy' substituted by `cmy0' on input line 1349.
Package xcolor Info: Model `hsb' substituted by `rgb' on input line 1353.
Package xcolor Info: Model `RGB' extended on input line 1365.
Package xcolor Info: Model `HTML' substituted by `rgb' on input line 1367.
Package xcolor Info: Model `Hsb' substituted by `hsb' on input line 1368.
Package xcolor Info: Model `tHsb' substituted by `hsb' on input line 1369.
Package xcolor Info: Model `HSB' substituted by `hsb' on input line 1370.
Package xcolor Info: Model `Gray' substituted by `gray' on input line 1371.
Package xcolor Info: Model `wave' substituted by `hsb' on input line 1372.
)
(C:\Users\lubomir.stepanek\AppData\Local\Programs\MiKTeX\tex/latex/enumitem\enu
mitem.sty
Package: enumitem 2025/02/06 v3.11 Customized lists
\labelindent=\skip59
\enit@outerparindent=\dimen183
\enit@toks=\toks26
\enit@inbox=\box56
\enit@count@id=\count317
\enitdp@description=\count318
)
(C:\Users\lubomir.stepanek\AppData\Local\Programs\MiKTeX\tex/latex/booktabs\boo
ktabs.sty
Package: booktabs 2020/01/12 v1.61803398 Publication quality tables
\heavyrulewidth=\dimen184
\lightrulewidth=\dimen185
\cmidrulewidth=\dimen186
\belowrulesep=\dimen187
\belowbottomsep=\dimen188
\aboverulesep=\dimen189
\abovetopsep=\dimen190
\cmidrulesep=\dimen191
\cmidrulekern=\dimen192
\defaultaddspace=\dimen193
\@cmidla=\count319
\@cmidlb=\count320
\@aboverulesep=\dimen194
\@belowrulesep=\dimen195
\@thisruleclass=\count321
\@lastruleclass=\count322
\@thisrulewidth=\dimen196
)
(C:\Users\lubomir.stepanek\AppData\Local\Programs\MiKTeX\tex/latex/pgfplots\pgf
plots.sty
(C:\Users\lubomir.stepanek\AppData\Local\Programs\MiKTeX\tex/generic/pgfplots\p
gfplots.revision.tex)
Package: pgfplots 2021/05/15 v1.18.1 Data Visualization (1.18.1)

(C:\Users\lubomir.stepanek\AppData\Local\Programs\MiKTeX\tex/latex/pgf/frontend
layer\tikz.sty
(C:\Users\lubomir.stepanek\AppData\Local\Programs\MiKTeX\tex/latex/pgf/basiclay
er\pgf.sty
(C:\Users\lubomir.stepanek\AppData\Local\Programs\MiKTeX\tex/latex/pgf/utilitie
s\pgfrcs.sty
(C:\Users\lubomir.stepanek\AppData\Local\Programs\MiKTeX\tex/generic/pgf/utilit
ies\pgfutil-common.tex
\pgfutil@everybye=\toks27
\pgfutil@tempdima=\dimen197
\pgfutil@tempdimb=\dimen198
)
(C:\Users\lubomir.stepanek\AppData\Local\Programs\MiKTeX\tex/generic/pgf/utilit
ies\pgfutil-latex.def
\pgfutil@abb=\box57
)
(C:\Users\lubomir.stepanek\AppData\Local\Programs\MiKTeX\tex/generic/pgf/utilit
ies\pgfrcs.code.tex
(C:\Users\lubomir.stepanek\AppData\Local\Programs\MiKTeX\tex/generic/pgf\pgf.re
vision.tex)
Package: pgfrcs 2025-08-29 v3.1.11a (3.1.11a)
))
Package: pgf 2025-08-29 v3.1.11a (3.1.11a)

(C:\Users\lubomir.stepanek\AppData\Local\Programs\MiKTeX\tex/latex/pgf/basiclay
er\pgfcore.sty
(C:\Users\lubomir.stepanek\AppData\Local\Programs\MiKTeX\tex/latex/pgf/systemla
yer\pgfsys.sty
(C:\Users\lubomir.stepanek\AppData\Local\Programs\MiKTeX\tex/generic/pgf/system
layer\pgfsys.code.tex
Package: pgfsys 2025-08-29 v3.1.11a (3.1.11a)

(C:\Users\lubomir.stepanek\AppData\Local\Programs\MiKTeX\tex/generic/pgf/utilit
ies\pgfkeys.code.tex
\pgfkeys@pathtoks=\toks28
\pgfkeys@temptoks=\toks29

(C:\Users\lubomir.stepanek\AppData\Local\Programs\MiKTeX\tex/generic/pgf/utilit
ies\pgfkeyslibraryfiltered.code.tex
\pgfkeys@tmptoks=\toks30
))
\pgf@x=\dimen199
\pgf@y=\dimen256
\pgf@xa=\dimen257
\pgf@ya=\dimen258
\pgf@xb=\dimen259
\pgf@yb=\dimen260
\pgf@xc=\dimen261
\pgf@yc=\dimen262
\pgf@xd=\dimen263
\pgf@yd=\dimen264
\w@pgf@writea=\write3
\r@pgf@reada=\read3
\c@pgf@counta=\count323
\c@pgf@countb=\count324
\c@pgf@countc=\count325
\c@pgf@countd=\count326
\t@pgf@toka=\toks31
\t@pgf@tokb=\toks32
\t@pgf@tokc=\toks33
\pgf@sys@id@count=\count327

(C:\Users\lubomir.stepanek\AppData\Local\Programs\MiKTeX\tex/generic/pgf/system
layer\pgf.cfg
File: pgf.cfg 2025-08-29 v3.1.11a (3.1.11a)
)
Driver file for pgf: pgfsys-pdftex.def

(C:\Users\lubomir.stepanek\AppData\Local\Programs\MiKTeX\tex/generic/pgf/system
layer\pgfsys-pdftex.def
File: pgfsys-pdftex.def 2025-08-29 v3.1.11a (3.1.11a)

(C:\Users\lubomir.stepanek\AppData\Local\Programs\MiKTeX\tex/generic/pgf/system
layer\pgfsys-common-pdf.def
File: pgfsys-common-pdf.def 2025-08-29 v3.1.11a (3.1.11a)
)))
(C:\Users\lubomir.stepanek\AppData\Local\Programs\MiKTeX\tex/generic/pgf/system
layer\pgfsyssoftpath.code.tex
File: pgfsyssoftpath.code.tex 2025-08-29 v3.1.11a (3.1.11a)
\pgfsyssoftpath@smallbuffer@items=\count328
\pgfsyssoftpath@bigbuffer@items=\count329
)
(C:\Users\lubomir.stepanek\AppData\Local\Programs\MiKTeX\tex/generic/pgf/system
layer\pgfsysprotocol.code.tex
File: pgfsysprotocol.code.tex 2025-08-29 v3.1.11a (3.1.11a)
))
(C:\Users\lubomir.stepanek\AppData\Local\Programs\MiKTeX\tex/generic/pgf/basicl
ayer\pgfcore.code.tex
Package: pgfcore 2025-08-29 v3.1.11a (3.1.11a)

(C:\Users\lubomir.stepanek\AppData\Local\Programs\MiKTeX\tex/generic/pgf/math\p
gfmath.code.tex
(C:\Users\lubomir.stepanek\AppData\Local\Programs\MiKTeX\tex/generic/pgf/math\p
gfmathutil.code.tex)
(C:\Users\lubomir.stepanek\AppData\Local\Programs\MiKTeX\tex/generic/pgf/math\p
gfmathparser.code.tex
\pgfmath@dimen=\dimen265
\pgfmath@count=\count330
\pgfmath@box=\box58
\pgfmath@toks=\toks34
\pgfmath@stack@operand=\toks35
\pgfmath@stack@operation=\toks36
)
(C:\Users\lubomir.stepanek\AppData\Local\Programs\MiKTeX\tex/generic/pgf/math\p
gfmathfunctions.code.tex)
(C:\Users\lubomir.stepanek\AppData\Local\Programs\MiKTeX\tex/generic/pgf/math\p
gfmathfunctions.basic.code.tex)
(C:\Users\lubomir.stepanek\AppData\Local\Programs\MiKTeX\tex/generic/pgf/math\p
gfmathfunctions.trigonometric.code.tex)
(C:\Users\lubomir.stepanek\AppData\Local\Programs\MiKTeX\tex/generic/pgf/math\p
gfmathfunctions.random.code.tex)
(C:\Users\lubomir.stepanek\AppData\Local\Programs\MiKTeX\tex/generic/pgf/math\p
gfmathfunctions.comparison.code.tex)
(C:\Users\lubomir.stepanek\AppData\Local\Programs\MiKTeX\tex/generic/pgf/math\p
gfmathfunctions.base.code.tex)
(C:\Users\lubomir.stepanek\AppData\Local\Programs\MiKTeX\tex/generic/pgf/math\p
gfmathfunctions.round.code.tex)
(C:\Users\lubomir.stepanek\AppData\Local\Programs\MiKTeX\tex/generic/pgf/math\p
gfmathfunctions.misc.code.tex)
(C:\Users\lubomir.stepanek\AppData\Local\Programs\MiKTeX\tex/generic/pgf/math\p
gfmathfunctions.integerarithmetics.code.tex)
(C:\Users\lubomir.stepanek\AppData\Local\Programs\MiKTeX\tex/generic/pgf/math\p
gfmathcalc.code.tex)
(C:\Users\lubomir.stepanek\AppData\Local\Programs\MiKTeX\tex/generic/pgf/math\p
gfmathfloat.code.tex
\c@pgfmathroundto@lastzeros=\count331
))
(C:\Users\lubomir.stepanek\AppData\Local\Programs\MiKTeX\tex/generic/pgf/math\p
gfint.code.tex)
(C:\Users\lubomir.stepanek\AppData\Local\Programs\MiKTeX\tex/generic/pgf/basicl
ayer\pgfcorepoints.code.tex
File: pgfcorepoints.code.tex 2025-08-29 v3.1.11a (3.1.11a)
\pgf@picminx=\dimen266
\pgf@picmaxx=\dimen267
\pgf@picminy=\dimen268
\pgf@picmaxy=\dimen269
\pgf@pathminx=\dimen270
\pgf@pathmaxx=\dimen271
\pgf@pathminy=\dimen272
\pgf@pathmaxy=\dimen273
\pgf@xx=\dimen274
\pgf@xy=\dimen275
\pgf@yx=\dimen276
\pgf@yy=\dimen277
\pgf@zx=\dimen278
\pgf@zy=\dimen279
)
(C:\Users\lubomir.stepanek\AppData\Local\Programs\MiKTeX\tex/generic/pgf/basicl
ayer\pgfcorepathconstruct.code.tex
File: pgfcorepathconstruct.code.tex 2025-08-29 v3.1.11a (3.1.11a)
\pgf@path@lastx=\dimen280
\pgf@path@lasty=\dimen281
)
(C:\Users\lubomir.stepanek\AppData\Local\Programs\MiKTeX\tex/generic/pgf/basicl
ayer\pgfcorepathusage.code.tex
File: pgfcorepathusage.code.tex 2025-08-29 v3.1.11a (3.1.11a)
\pgf@shorten@end@additional=\dimen282
\pgf@shorten@start@additional=\dimen283
)
(C:\Users\lubomir.stepanek\AppData\Local\Programs\MiKTeX\tex/generic/pgf/basicl
ayer\pgfcorescopes.code.tex
File: pgfcorescopes.code.tex 2025-08-29 v3.1.11a (3.1.11a)
\pgfpic=\box59
\pgf@hbox=\box60
\pgf@layerbox@main=\box61
\pgf@picture@serial@count=\count332
)
(C:\Users\lubomir.stepanek\AppData\Local\Programs\MiKTeX\tex/generic/pgf/basicl
ayer\pgfcoregraphicstate.code.tex
File: pgfcoregraphicstate.code.tex 2025-08-29 v3.1.11a (3.1.11a)
\pgflinewidth=\dimen284
)
(C:\Users\lubomir.stepanek\AppData\Local\Programs\MiKTeX\tex/generic/pgf/basicl
ayer\pgfcoretransformations.code.tex
File: pgfcoretransformations.code.tex 2025-08-29 v3.1.11a (3.1.11a)
\pgf@pt@x=\dimen285
\pgf@pt@y=\dimen286
\pgf@pt@temp=\dimen287
)
(C:\Users\lubomir.stepanek\AppData\Local\Programs\MiKTeX\tex/generic/pgf/basicl
ayer\pgfcorequick.code.tex
File: pgfcorequick.code.tex 2025-08-29 v3.1.11a (3.1.11a)
)
(C:\Users\lubomir.stepanek\AppData\Local\Programs\MiKTeX\tex/generic/pgf/basicl
ayer\pgfcoreobjects.code.tex
File: pgfcoreobjects.code.tex 2025-08-29 v3.1.11a (3.1.11a)
)
(C:\Users\lubomir.stepanek\AppData\Local\Programs\MiKTeX\tex/generic/pgf/basicl
ayer\pgfcorepathprocessing.code.tex
File: pgfcorepathprocessing.code.tex 2025-08-29 v3.1.11a (3.1.11a)
)
(C:\Users\lubomir.stepanek\AppData\Local\Programs\MiKTeX\tex/generic/pgf/basicl
ayer\pgfcorearrows.code.tex
File: pgfcorearrows.code.tex 2025-08-29 v3.1.11a (3.1.11a)
\pgfarrowsep=\dimen288
)
(C:\Users\lubomir.stepanek\AppData\Local\Programs\MiKTeX\tex/generic/pgf/basicl
ayer\pgfcoreshade.code.tex
File: pgfcoreshade.code.tex 2025-08-29 v3.1.11a (3.1.11a)
\pgf@max=\dimen289
\pgf@sys@shading@range@num=\count333
\pgf@shadingcount=\count334
)
(C:\Users\lubomir.stepanek\AppData\Local\Programs\MiKTeX\tex/generic/pgf/basicl
ayer\pgfcoreimage.code.tex
File: pgfcoreimage.code.tex 2025-08-29 v3.1.11a (3.1.11a)
)
(C:\Users\lubomir.stepanek\AppData\Local\Programs\MiKTeX\tex/generic/pgf/basicl
ayer\pgfcoreexternal.code.tex
File: pgfcoreexternal.code.tex 2025-08-29 v3.1.11a (3.1.11a)
\pgfexternal@startupbox=\box62
)
(C:\Users\lubomir.stepanek\AppData\Local\Programs\MiKTeX\tex/generic/pgf/basicl
ayer\pgfcorelayers.code.tex
File: pgfcorelayers.code.tex 2025-08-29 v3.1.11a (3.1.11a)
)
(C:\Users\lubomir.stepanek\AppData\Local\Programs\MiKTeX\tex/generic/pgf/basicl
ayer\pgfcoretransparency.code.tex
File: pgfcoretransparency.code.tex 2025-08-29 v3.1.11a (3.1.11a)
)
(C:\Users\lubomir.stepanek\AppData\Local\Programs\MiKTeX\tex/generic/pgf/basicl
ayer\pgfcorepatterns.code.tex
File: pgfcorepatterns.code.tex 2025-08-29 v3.1.11a (3.1.11a)
)
(C:\Users\lubomir.stepanek\AppData\Local\Programs\MiKTeX\tex/generic/pgf/basicl
ayer\pgfcorerdf.code.tex
File: pgfcorerdf.code.tex 2025-08-29 v3.1.11a (3.1.11a)
)))
(C:\Users\lubomir.stepanek\AppData\Local\Programs\MiKTeX\tex/generic/pgf/module
s\pgfmoduleshapes.code.tex
File: pgfmoduleshapes.code.tex 2025-08-29 v3.1.11a (3.1.11a)
\pgfnodeparttextbox=\box63
)
(C:\Users\lubomir.stepanek\AppData\Local\Programs\MiKTeX\tex/generic/pgf/module
s\pgfmoduleplot.code.tex
File: pgfmoduleplot.code.tex 2025-08-29 v3.1.11a (3.1.11a)
)
(C:\Users\lubomir.stepanek\AppData\Local\Programs\MiKTeX\tex/latex/pgf/compatib
ility\pgfcomp-version-0-65.sty
Package: pgfcomp-version-0-65 2025-08-29 v3.1.11a (3.1.11a)
\pgf@nodesepstart=\dimen290
\pgf@nodesepend=\dimen291
)
(C:\Users\lubomir.stepanek\AppData\Local\Programs\MiKTeX\tex/latex/pgf/compatib
ility\pgfcomp-version-1-18.sty
Package: pgfcomp-version-1-18 2025-08-29 v3.1.11a (3.1.11a)
))
(C:\Users\lubomir.stepanek\AppData\Local\Programs\MiKTeX\tex/latex/pgf/utilitie
s\pgffor.sty
(C:\Users\lubomir.stepanek\AppData\Local\Programs\MiKTeX\tex/latex/pgf/utilitie
s\pgfkeys.sty
(C:\Users\lubomir.stepanek\AppData\Local\Programs\MiKTeX\tex/generic/pgf/utilit
ies\pgfkeys.code.tex))
(C:\Users\lubomir.stepanek\AppData\Local\Programs\MiKTeX\tex/latex/pgf/math\pgf
math.sty
(C:\Users\lubomir.stepanek\AppData\Local\Programs\MiKTeX\tex/generic/pgf/math\p
gfmath.code.tex))
(C:\Users\lubomir.stepanek\AppData\Local\Programs\MiKTeX\tex/generic/pgf/utilit
ies\pgffor.code.tex
Package: pgffor 2025-08-29 v3.1.11a (3.1.11a)
\pgffor@iter=\dimen292
\pgffor@skip=\dimen293
\pgffor@stack=\toks37
\pgffor@toks=\toks38
))
(C:\Users\lubomir.stepanek\AppData\Local\Programs\MiKTeX\tex/generic/pgf/fronte
ndlayer/tikz\tikz.code.tex
Package: tikz 2025-08-29 v3.1.11a (3.1.11a)

(C:\Users\lubomir.stepanek\AppData\Local\Programs\MiKTeX\tex/generic/pgf/librar
ies\pgflibraryplothandlers.code.tex
File: pgflibraryplothandlers.code.tex 2025-08-29 v3.1.11a (3.1.11a)
\pgf@plot@mark@count=\count335
\pgfplotmarksize=\dimen294
)
\tikz@lastx=\dimen295
\tikz@lasty=\dimen296
\tikz@lastxsaved=\dimen297
\tikz@lastysaved=\dimen298
\tikz@lastmovetox=\dimen299
\tikz@lastmovetoy=\dimen300
\tikzleveldistance=\dimen301
\tikzsiblingdistance=\dimen302
\tikz@figbox=\box64
\tikz@figbox@bg=\box65
\tikz@tempbox=\box66
\tikz@tempbox@bg=\box67
\tikztreelevel=\count336
\tikznumberofchildren=\count337
\tikznumberofcurrentchild=\count338
\tikz@fig@count=\count339

(C:\Users\lubomir.stepanek\AppData\Local\Programs\MiKTeX\tex/generic/pgf/module
s\pgfmodulematrix.code.tex
File: pgfmodulematrix.code.tex 2025-08-29 v3.1.11a (3.1.11a)
\pgfmatrixcurrentrow=\count340
\pgfmatrixcurrentcolumn=\count341
\pgf@matrix@numberofcolumns=\count342
)
\tikz@expandcount=\count343

(C:\Users\lubomir.stepanek\AppData\Local\Programs\MiKTeX\tex/generic/pgf/fronte
ndlayer/tikz/libraries\tikzlibrarytopaths.code.tex
File: tikzlibrarytopaths.code.tex 2025-08-29 v3.1.11a (3.1.11a)
)))
(C:\Users\lubomir.stepanek\AppData\Local\Programs\MiKTeX\tex/generic/pgfplots\p
gfplots.code.tex
(C:\Users\lubomir.stepanek\AppData\Local\Programs\MiKTeX\tex/generic/pgfplots\p
gfplotscore.code.tex
\t@pgfplots@toka=\toks39
\t@pgfplots@tokb=\toks40
\t@pgfplots@tokc=\toks41
\pgfplots@tmpa=\dimen303
\c@pgfplots@coordindex=\count344
\c@pgfplots@scanlineindex=\count345

(C:\Users\lubomir.stepanek\AppData\Local\Programs\MiKTeX\tex/generic/pgfplots/s
ys\pgfplotssysgeneric.code.tex))
(C:\Users\lubomir.stepanek\AppData\Local\Programs\MiKTeX\tex/generic/pgfplots/l
ibs\pgfplotslibrary.code.tex)
(C:\Users\lubomir.stepanek\AppData\Local\Programs\MiKTeX\tex/generic/pgfplots/o
ldpgfcompatib\pgfplotsoldpgfsupp_loader.code.tex
(C:\Users\lubomir.stepanek\AppData\Local\Programs\MiKTeX\tex/generic/pgf/librar
ies\pgflibraryfpu.code.tex)
Package pgfplots: loading complementary utilities for your pgf version...
\t@pgf@toka=\toks42
\t@pgf@tokb=\toks43
\t@pgf@tokc=\toks44

(C:\Users\lubomir.stepanek\AppData\Local\Programs\MiKTeX\tex/generic/pgfplots/o
ldpgfcompatib\pgfplotsoldpgfsupp_pgfutil-common-lists.tex))
(C:\Users\lubomir.stepanek\AppData\Local\Programs\MiKTeX\tex/generic/pgfplots/u
til\pgfplotsutil.code.tex
(C:\Users\lubomir.stepanek\AppData\Local\Programs\MiKTeX\tex/generic/pgfplots/l
iststructure\pgfplotsliststructure.code.tex)
(C:\Users\lubomir.stepanek\AppData\Local\Programs\MiKTeX\tex/generic/pgfplots/l
iststructure\pgfplotsliststructureext.code.tex)
(C:\Users\lubomir.stepanek\AppData\Local\Programs\MiKTeX\tex/generic/pgfplots/l
iststructure\pgfplotsarray.code.tex
\c@pgfplotsarray@tmp=\count346
)
(C:\Users\lubomir.stepanek\AppData\Local\Programs\MiKTeX\tex/generic/pgfplots/l
iststructure\pgfplotsmatrix.code.tex)
(C:\Users\lubomir.stepanek\AppData\Local\Programs\MiKTeX\tex/generic/pgfplots/n
umtable\pgfplotstableshared.code.tex
\c@pgfplotstable@counta=\count347
\t@pgfplotstable@a=\toks45
)
(C:\Users\lubomir.stepanek\AppData\Local\Programs\MiKTeX\tex/generic/pgfplots/l
iststructure\pgfplotsdeque.code.tex)
(C:\Users\lubomir.stepanek\AppData\Local\Programs\MiKTeX\tex/generic/pgfplots/u
til\pgfplotsbinary.code.tex
(C:\Users\lubomir.stepanek\AppData\Local\Programs\MiKTeX\tex/generic/pgfplots/u
til\pgfplotsbinary.data.code.tex))
(C:\Users\lubomir.stepanek\AppData\Local\Programs\MiKTeX\tex/generic/pgfplots/u
til\pgfplotsutil.verb.code.tex)
(C:\Users\lubomir.stepanek\AppData\Local\Programs\MiKTeX\tex/generic/pgfplots/l
ibs\pgflibrarypgfplots.surfshading.code.tex
\c@pgfplotslibrarysurf@no=\count348

(C:\Users\lubomir.stepanek\AppData\Local\Programs\MiKTeX\tex/generic/pgfplots/s
ys\pgflibrarypgfplots.surfshading.pgfsys-pdftex.def)))
(C:\Users\lubomir.stepanek\AppData\Local\Programs\MiKTeX\tex/generic/pgfplots/u
til\pgfplotscolormap.code.tex
(C:\Users\lubomir.stepanek\AppData\Local\Programs\MiKTeX\tex/generic/pgfplots/u
til\pgfplotscolor.code.tex))
(C:\Users\lubomir.stepanek\AppData\Local\Programs\MiKTeX\tex/generic/pgfplots\p
gfplotsstackedplots.code.tex)
(C:\Users\lubomir.stepanek\AppData\Local\Programs\MiKTeX\tex/generic/pgfplots\p
gfplotsplothandlers.code.tex
(C:\Users\lubomir.stepanek\AppData\Local\Programs\MiKTeX\tex/generic/pgfplots\p
gfplotsmeshplothandler.code.tex
(C:\Users\lubomir.stepanek\AppData\Local\Programs\MiKTeX\tex/generic/pgfplots\p
gfplotsmeshplotimage.code.tex)))
(C:\Users\lubomir.stepanek\AppData\Local\Programs\MiKTeX\tex/generic/pgfplots\p
gfplots.scaling.code.tex)
(C:\Users\lubomir.stepanek\AppData\Local\Programs\MiKTeX\tex/generic/pgfplots\p
gfplotscoordprocessing.code.tex)
(C:\Users\lubomir.stepanek\AppData\Local\Programs\MiKTeX\tex/generic/pgfplots\p
gfplots.errorbars.code.tex)
(C:\Users\lubomir.stepanek\AppData\Local\Programs\MiKTeX\tex/generic/pgfplots\p
gfplots.markers.code.tex)
(C:\Users\lubomir.stepanek\AppData\Local\Programs\MiKTeX\tex/generic/pgfplots\p
gfplotsticks.code.tex)
(C:\Users\lubomir.stepanek\AppData\Local\Programs\MiKTeX\tex/generic/pgfplots\p
gfplots.paths.code.tex)
(C:\Users\lubomir.stepanek\AppData\Local\Programs\MiKTeX\tex/generic/pgf/fronte
ndlayer/tikz/libraries\tikzlibrarydecorations.code.tex
(C:\Users\lubomir.stepanek\AppData\Local\Programs\MiKTeX\tex/generic/pgf/module
s\pgfmoduledecorations.code.tex
\pgfdecoratedcompleteddistance=\dimen304
\pgfdecoratedremainingdistance=\dimen305
\pgfdecoratedinputsegmentcompleteddistance=\dimen306
\pgfdecoratedinputsegmentremainingdistance=\dimen307
\pgf@decorate@distancetomove=\dimen308
\pgf@decorate@repeatstate=\count349
\pgfdecorationsegmentamplitude=\dimen309
\pgfdecorationsegmentlength=\dimen310
)
\tikz@lib@dec@box=\box68
)
(C:\Users\lubomir.stepanek\AppData\Local\Programs\MiKTeX\tex/generic/pgf/fronte
ndlayer/tikz/libraries\tikzlibrarydecorations.pathmorphing.code.tex
(C:\Users\lubomir.stepanek\AppData\Local\Programs\MiKTeX\tex/generic/pgf/librar
ies/decorations\pgflibrarydecorations.pathmorphing.code.tex))
(C:\Users\lubomir.stepanek\AppData\Local\Programs\MiKTeX\tex/generic/pgf/fronte
ndlayer/tikz/libraries\tikzlibrarydecorations.pathreplacing.code.tex
(C:\Users\lubomir.stepanek\AppData\Local\Programs\MiKTeX\tex/generic/pgf/librar
ies/decorations\pgflibrarydecorations.pathreplacing.code.tex))
(C:\Users\lubomir.stepanek\AppData\Local\Programs\MiKTeX\tex/generic/pgfplots/l
ibs\tikzlibrarypgfplots.contourlua.code.tex)
\pgfplots@numplots=\count350
\pgfplots@xmin@reg=\dimen311
\pgfplots@xmax@reg=\dimen312
\pgfplots@ymin@reg=\dimen313
\pgfplots@ymax@reg=\dimen314
\pgfplots@zmin@reg=\dimen315
\pgfplots@zmax@reg=\dimen316
)
(C:\Users\lubomir.stepanek\AppData\Local\Programs\MiKTeX\tex/generic/pgf/fronte
ndlayer/tikz/libraries\tikzlibraryplotmarks.code.tex
File: tikzlibraryplotmarks.code.tex 2025-08-29 v3.1.11a (3.1.11a)

(C:\Users\lubomir.stepanek\AppData\Local\Programs\MiKTeX\tex/generic/pgf/librar
ies\pgflibraryplotmarks.code.tex
File: pgflibraryplotmarks.code.tex 2025-08-29 v3.1.11a (3.1.11a)
)))
(C:\Users\lubomir.stepanek\AppData\Local\Programs\MiKTeX\tex/latex/listings\lis
tings.sty
\lst@mode=\count351
\lst@gtempboxa=\box69
\lst@token=\toks46
\lst@length=\count352
\lst@currlwidth=\dimen317
\lst@column=\count353
\lst@pos=\count354
\lst@lostspace=\dimen318
\lst@width=\dimen319
\lst@newlines=\count355
\lst@lineno=\count356
\lst@maxwidth=\dimen320

(C:\Users\lubomir.stepanek\AppData\Local\Programs\MiKTeX\tex/latex/listings\lst
patch.sty
File: lstpatch.sty 2024/09/23 1.10c (Carsten Heinz)
)
(C:\Users\lubomir.stepanek\AppData\Local\Programs\MiKTeX\tex/latex/listings\lst
misc.sty
File: lstmisc.sty 2024/09/23 1.10c (Carsten Heinz)
\c@lstnumber=\count357
\lst@skipnumbers=\count358
\lst@framebox=\box70
)
(C:\Users\lubomir.stepanek\AppData\Local\Programs\MiKTeX\tex/latex/listings\lis
tings.cfg
File: listings.cfg 2024/09/23 1.10c listings configuration
))
Package: listings 2024/09/23 1.10c (Carsten Heinz)

(C:\Users\lubomir.stepanek\AppData\Local\Programs\MiKTeX\tex/latex/l3backend\l3
backend-pdftex.def
File: l3backend-pdftex.def 2025-06-09 L3 backend support: PDF output (pdfTeX)
\l__color_backend_stack_int=\count359
) (_vzorcovnik_.aux
Package babel Info: 'czech' activates 'czech' shorthands.
(babel)             Reported on input line 9.
)
\openout1 = `_vzorcovnik_.aux'.

LaTeX Font Info:    Checking defaults for OML/cmm/m/it on input line 69.
LaTeX Font Info:    ... okay on input line 69.
LaTeX Font Info:    Checking defaults for OMS/cmsy/m/n on input line 69.
LaTeX Font Info:    ... okay on input line 69.
LaTeX Font Info:    Checking defaults for OT1/cmr/m/n on input line 69.
LaTeX Font Info:    ... okay on input line 69.
LaTeX Font Info:    Checking defaults for T1/cmr/m/n on input line 69.
LaTeX Font Info:    ... okay on input line 69.
LaTeX Font Info:    Checking defaults for TS1/cmr/m/n on input line 69.
LaTeX Font Info:    ... okay on input line 69.
LaTeX Font Info:    Checking defaults for OMX/cmex/m/n on input line 69.
LaTeX Font Info:    ... okay on input line 69.
LaTeX Font Info:    Checking defaults for U/cmr/m/n on input line 69.
LaTeX Font Info:    ... okay on input line 69.
LaTeX Font Info:    Checking defaults for PD1/pdf/m/n on input line 69.
LaTeX Font Info:    ... okay on input line 69.
LaTeX Font Info:    Checking defaults for PU/pdf/m/n on input line 69.
LaTeX Font Info:    ... okay on input line 69.

*geometry* driver: auto-detecting
*geometry* detected driver: pdftex
*geometry* verbose mode - [ preamble ] result:
* driver: pdftex
* paper: a4paper
* layout: <same size as paper>
* layoutoffset:(h,v)=(0.0pt,0.0pt)
* modes: 
* h-part:(L,W,R)=(71.13188pt, 455.24411pt, 71.13188pt)
* v-part:(T,H,B)=(71.13188pt, 702.78308pt, 71.13188pt)
* \paperwidth=597.50787pt
* \paperheight=845.04684pt
* \textwidth=455.24411pt
* \textheight=702.78308pt
* \oddsidemargin=-1.1381pt
* \evensidemargin=-1.1381pt
* \topmargin=-38.1381pt
* \headheight=12.0pt
* \headsep=25.0pt
* \topskip=11.0pt
* \footskip=30.0pt
* \marginparwidth=50.0pt
* \marginparsep=10.0pt
* \columnsep=10.0pt
* \skip\footins=10.0pt plus 4.0pt minus 2.0pt
* \hoffset=0.0pt
* \voffset=0.0pt
* \mag=1000
* \@twocolumnfalse
* \@twosidefalse
* \@mparswitchfalse
* \@reversemarginfalse
* (1in=72.27pt=25.4mm, 1cm=28.453pt)


(C:\Users\lubomir.stepanek\AppData\Local\Programs\MiKTeX\tex/context/base/mkii\
supp-pdf.mkii
[Loading MPS to PDF converter (version 2006.09.02).]
\scratchcounter=\count360
\scratchdimen=\dimen321
\scratchbox=\box71
\nofMPsegments=\count361
\nofMParguments=\count362
\everyMPshowfont=\toks47
\MPscratchCnt=\count363
\MPscratchDim=\dimen322
\MPnumerator=\count364
\makeMPintoPDFobject=\count365
\everyMPtoPDFconversion=\toks48
)
(C:\Users\lubomir.stepanek\AppData\Local\Programs\MiKTeX\tex/latex/epstopdf-pkg
\epstopdf-base.sty
Package: epstopdf-base 2020-01-24 v2.11 Base part for package epstopdf
Package epstopdf-base Info: Redefining graphics rule for `.eps' on input line 4
85.

(C:\Users\lubomir.stepanek\AppData\Local\Programs\MiKTeX\tex/latex/00miktex\eps
topdf-sys.cfg
File: epstopdf-sys.cfg 2021/03/18 v2.0 Configuration of epstopdf for MiKTeX
))
Package hyperref Info: Link coloring OFF on input line 69.
 (_vzorcovnik_.out) (_vzorcovnik_.out)
\@outlinefile=\write4
\openout4 = `_vzorcovnik_.out'.


Package pgfplots notification 'compat/show suggested version=true': document ha
s been generated with the most recent feature set (\pgfplotsset{compat=1.18}).

\c@lstlisting=\count366
Package epstopdf Info: Source file: <FIS_2_logo_cb_cmyk.eps>
(epstopdf)                    date: 2026-05-16 18:14:31
(epstopdf)                    size: 1226502 bytes
(epstopdf)             Output file: <FIS_2_logo_cb_cmyk-eps-converted-to.pdf>
(epstopdf)                    date: 2026-05-16 19:00:52
(epstopdf)                    size: 21525 bytes
(epstopdf)             Command: <miktex-epstopdf --outfile=FIS_2_logo_cb_cmyk-e
ps-converted-to.pdf FIS_2_logo_cb_cmyk.eps>
(epstopdf)             \includegraphics on input line 90.
Package epstopdf Info: Output file is already uptodate.
<FIS_2_logo_cb_cmyk-eps-converted-to.pdf, id=466, 316.18124pt x 315.1775pt>
File: FIS_2_logo_cb_cmyk-eps-converted-to.pdf Graphic file (type pdf)
<use FIS_2_logo_cb_cmyk-eps-converted-to.pdf>
Package pdftex.def Info: FIS_2_logo_cb_cmyk-eps-converted-to.pdf  used on input
 line 90.
(pdftex.def)             Requested size: 227.62206pt x 226.90358pt.

LaTeX Font Warning: Font shape `T1/cmr/m/n' in size <50> not available
(Font)              size <35.83> substituted on input line 94.


LaTeX Font Warning: Font shape `T1/cmr/bx/n' in size <50> not available
(Font)              size <35.83> substituted on input line 94.



[1

{C:/Users/lubomir.stepanek/AppData/Local/MiKTeX/fonts/map/pdftex/pdftex.map}{C:
/Users/lubomir.stepanek/AppData/Local/Programs/MiKTeX/fonts/enc/dvips/cm-super/
cm-super-t1.enc} <./FIS_2_logo_cb_cmyk-eps-converted-to.pdf>]
(_vzorcovnik_.toc
LaTeX Font Info:    Trying to load font information for U+msa on input line 3.

(C:\Users\lubomir.stepanek\AppData\Local\Programs\MiKTeX\tex/latex/amsfonts\ums
a.fd
File: umsa.fd 2013/01/14 v3.01 AMS symbols A
)
LaTeX Font Info:    Trying to load font information for U+msb on input line 3.

(C:\Users\lubomir.stepanek\AppData\Local\Programs\MiKTeX\tex/latex/amsfonts\ums
b.fd
File: umsb.fd 2013/01/14 v3.01 AMS symbols B
)


pdfTeX warning (ext4): destination with the same identifier (name{page.1}) has 
been already used, duplicate ignored
<to be read again> 
                   \relax 
l.92 ...odn√© veliƒçiny}{25}{subsubsection.2.2.11}
                                                  % [1]

[2])
\tf@toc=\write5
\openout5 = `_vzorcovnik_.toc'.



[3]

[4{C:/Users/lubomir.stepanek/AppData/Local/Programs/MiKTeX/fonts/enc/dvips/cm-s
uper/cm-super-ts1.enc}]
Overfull \hbox (30.24333pt too wide) in paragraph at lines 290--302
[][]
 []


Underfull \hbox (badness 10000) in paragraph at lines 290--302

 []


Overfull \hbox (30.24333pt too wide) in paragraph at lines 305--318
[][]
 []


Underfull \hbox (badness 10000) in paragraph at lines 305--318

 []


Overfull \hbox (30.24333pt too wide) in paragraph at lines 342--355
[][]
 []


Underfull \hbox (badness 10000) in paragraph at lines 342--355

 []



[5]
Overfull \hbox (30.24333pt too wide) in paragraph at lines 358--372
[][]
 []


Underfull \hbox (badness 10000) in paragraph at lines 358--372

 []


Overfull \hbox (30.24333pt too wide) in paragraph at lines 399--410
[][]
 []


Underfull \hbox (badness 10000) in paragraph at lines 399--410

 []


Overfull \hbox (30.24333pt too wide) in paragraph at lines 413--425
[][]
 []


Underfull \hbox (badness 10000) in paragraph at lines 413--425

 []



[6]
Underfull \hbox (badness 10000) in paragraph at lines 454--454
[]\T1/cmtt/m/n/10.95 weighted.mean(x,
 []


Overfull \hbox (30.24333pt too wide) in paragraph at lines 452--466
[][]
 []


Underfull \hbox (badness 10000) in paragraph at lines 452--466

 []


Underfull \hbox (badness 10000) in paragraph at lines 471--471
[]\T1/cmtt/m/n/10.95 np.average(x,
 []


Overfull \hbox (30.24333pt too wide) in paragraph at lines 469--485
[][]
 []


Underfull \hbox (badness 10000) in paragraph at lines 469--485

 []


Underfull \hbox (badness 4886) in paragraph at lines 521--523
[]\T1/cmr/m/n/10.95 VracÌ arit-me-tick˝ pr∑-m•r vy-
 []


Overfull \hbox (30.24333pt too wide) in paragraph at lines 511--525
[][]
 []


Underfull \hbox (badness 10000) in paragraph at lines 511--525

 []



[7]
Underfull \hbox (badness 4886) in paragraph at lines 540--543
[]\T1/cmr/m/n/10.95 VracÌ arit-me-tick˝ pr∑-m•r vy-
 []


Overfull \hbox (30.24333pt too wide) in paragraph at lines 528--545
[][]
 []


Underfull \hbox (badness 10000) in paragraph at lines 528--545

 []


Overfull \hbox (30.24333pt too wide) in paragraph at lines 570--584
[][]
 []


Underfull \hbox (badness 10000) in paragraph at lines 570--584

 []


Underfull \hbox (badness 10000) in paragraph at lines 589--589
[]\T1/cmtt/m/n/10.95 scipy.stats.
 []


Underfull \hbox (badness 3861) in paragraph at lines 598--601
[]\T1/cmr/m/n/10.95 VracÌ har-mo-nick˝ pr∑-m•r po-
 []


Overfull \hbox (30.24333pt too wide) in paragraph at lines 587--603
[][]
 []


Underfull \hbox (badness 10000) in paragraph at lines 587--603

 []



[8]
Overfull \hbox (30.24333pt too wide) in paragraph at lines 632--645
[][]
 []


Underfull \hbox (badness 10000) in paragraph at lines 632--645

 []


Underfull \hbox (badness 10000) in paragraph at lines 650--650
[]\T1/cmtt/m/n/10.95 scipy.stats.
 []


Underfull \hbox (badness 2828) in paragraph at lines 659--662
[]\T1/cmr/m/n/10.95 VracÌ ge-o-me-t-rick˝ pr∑-m•r po-
 []


Overfull \hbox (30.24333pt too wide) in paragraph at lines 648--664
[][]
 []


Underfull \hbox (badness 10000) in paragraph at lines 648--664

 []



[9]
Overfull \hbox (30.24333pt too wide) in paragraph at lines 709--721
[][]
 []


Underfull \hbox (badness 10000) in paragraph at lines 709--721

 []


Overfull \hbox (30.24333pt too wide) in paragraph at lines 724--738
[][]
 []


Underfull \hbox (badness 10000) in paragraph at lines 724--738

 []



[10]
Underfull \hbox (badness 10000) in paragraph at lines 793--793
[]\T1/cmtt/m/n/10.95 quantile(x,
 []


Underfull \hbox (badness 10000) in paragraph at lines 793--793
\T1/cmtt/m/n/10.95 probs=c(0.25,
 []


Overfull \hbox (30.24333pt too wide) in paragraph at lines 781--804
[][]
 []


Underfull \hbox (badness 10000) in paragraph at lines 781--804

 []


Underfull \hbox (badness 10000) in paragraph at lines 821--821
[]\T1/cmtt/m/n/10.95 np.quantile(x,
 []


Overfull \hbox (30.24333pt too wide) in paragraph at lines 807--835
[][]
 []


Underfull \hbox (badness 10000) in paragraph at lines 807--835

 []



[11]
Overfull \hbox (30.24333pt too wide) in paragraph at lines 855--868
[][]
 []


Underfull \hbox (badness 10000) in paragraph at lines 855--868

 []


Overfull \hbox (7.3548pt too wide) in paragraph at lines 873--873
[]\T1/cmtt/m/n/10.95 np.quantile(x,0.75)
 []


Underfull \hbox (badness 10000) in paragraph at lines 873--873
\T1/cmtt/m/n/10.95 -
 []


Overfull \hbox (7.3548pt too wide) in paragraph at lines 873--873
\T1/cmtt/m/n/10.95 np.quantile(x,0.25)| 
 []


Overfull \hbox (30.24333pt too wide) in paragraph at lines 871--886
[][]
 []


Underfull \hbox (badness 10000) in paragraph at lines 871--886

 []


Overfull \hbox (46.9634pt too wide) in paragraph at lines 912--912
[]\T1/cmtt/m/n/10.95 names(which.max(table(x)))| 
 []


Underfull \hbox (badness 3746) in paragraph at lines 918--920
[]\T1/cmr/m/n/10.95 VracÌ mo-dus (nej-£as-t•j≤Ì hod-
 []


Overfull \hbox (30.24333pt too wide) in paragraph at lines 910--922
[][]
 []


Underfull \hbox (badness 10000) in paragraph at lines 910--922

 []


Overfull \hbox (1.69643pt too wide) in paragraph at lines 927--927
[]\T1/cmtt/m/n/10.95 statistics.mode(x)| 
 []


Overfull \hbox (30.24333pt too wide) in paragraph at lines 925--938
[][]
 []


Underfull \hbox (badness 10000) in paragraph at lines 925--938

 []



[12]
Overfull \hbox (30.24333pt too wide) in paragraph at lines 961--974
[][]
 []


Underfull \hbox (badness 10000) in paragraph at lines 961--974

 []


Underfull \hbox (badness 10000) in paragraph at lines 979--979
[]\T1/cmtt/m/n/10.95 np.max(x) -
 []


Overfull \hbox (30.24333pt too wide) in paragraph at lines 977--992
[][]
 []


Underfull \hbox (badness 10000) in paragraph at lines 977--992

 []



[13]
Underfull \hbox (badness 10000) in paragraph at lines 1033--1033
[]\T1/cmtt/m/n/10.95 mean((x -
 []


Underfull \hbox (badness 10000) in paragraph at lines 1040--1043
[]\T1/cmr/m/n/10.95 VracÌ ne-v˝-b•-rov˝ (po-pu-la£nÌ)
 []


Overfull \hbox (30.24333pt too wide) in paragraph at lines 1031--1045
[][]
 []


Underfull \hbox (badness 10000) in paragraph at lines 1031--1045

 []


Underfull \hbox (badness 10000) in paragraph at lines 1060--1063
[]\T1/cmr/m/n/10.95 VracÌ ne-v˝-b•-rov˝ (po-pu-la£nÌ)
 []


Overfull \hbox (30.24333pt too wide) in paragraph at lines 1049--1065
[][]
 []


Underfull \hbox (badness 10000) in paragraph at lines 1049--1065

 []


Overfull \hbox (30.24333pt too wide) in paragraph at lines 1091--1105
[][]
 []


Underfull \hbox (badness 10000) in paragraph at lines 1091--1105

 []


Underfull \hbox (badness 1168) in paragraph at lines 1120--1123
[]\T1/cmr/m/n/10.95 VracÌ v˝-b•-rov˝ roz-ptyl po-mocÌ
 []


Underfull \hbox (badness 1448) in paragraph at lines 1120--1123
\T1/cmr/m/n/10.95 knihovny \T1/cmtt/m/n/10.95 numpy \T1/cmr/m/n/10.95 (Bes-se-l
ova ko-
 []


Overfull \hbox (30.24333pt too wide) in paragraph at lines 1109--1125
[][]
 []


Underfull \hbox (badness 10000) in paragraph at lines 1109--1125

 []



[14]
Underfull \hbox (badness 10000) in paragraph at lines 1152--1152
[]\T1/cmtt/m/n/10.95 weighted.mean(
 []


Overfull \hbox (30.24333pt too wide) in paragraph at lines 1150--1164
[][]
 []


Underfull \hbox (badness 10000) in paragraph at lines 1150--1164

 []


Underfull \hbox (badness 10000) in paragraph at lines 1169--1169
[]\T1/cmtt/m/n/10.95 np.average(
 []


Underfull \hbox (badness 10000) in paragraph at lines 1169--1169
\T1/cmtt/m/n/10.95 (x-xbar)**2,
 []


Overfull \hbox (30.24333pt too wide) in paragraph at lines 1167--1185
[][]
 []


Underfull \hbox (badness 10000) in paragraph at lines 1167--1185

 []



[15]
Underfull \hbox (badness 10000) in paragraph at lines 1211--1211
[]\T1/cmtt/m/n/10.95 sqrt(mean((x-
 []


Overfull \hbox (30.24333pt too wide) in paragraph at lines 1209--1222
[][]
 []


Underfull \hbox (badness 10000) in paragraph at lines 1209--1222

 []


Overfull \hbox (30.24333pt too wide) in paragraph at lines 1226--1241
[][]
 []


Underfull \hbox (badness 10000) in paragraph at lines 1226--1241

 []


Overfull \hbox (30.24333pt too wide) in paragraph at lines 1265--1279
[][]
 []


Underfull \hbox (badness 10000) in paragraph at lines 1265--1279

 []


Overfull \hbox (30.24333pt too wide) in paragraph at lines 1283--1299
[][]
 []


Underfull \hbox (badness 10000) in paragraph at lines 1283--1299

 []



[16]
Overfull \hbox (30.24333pt too wide) in paragraph at lines 1322--1335
[][]
 []


Underfull \hbox (badness 10000) in paragraph at lines 1322--1335

 []


Underfull \hbox (badness 10000) in paragraph at lines 1340--1340
[]\T1/cmtt/m/n/10.95 np.std(x) /
 []


Overfull \hbox (30.24333pt too wide) in paragraph at lines 1338--1353
[][]
 []


Underfull \hbox (badness 10000) in paragraph at lines 1338--1353

 []



[17]
Overfull \hbox (30.24333pt too wide) in paragraph at lines 1377--1390
[][]
 []


Underfull \hbox (badness 10000) in paragraph at lines 1377--1390

 []


Overfull \hbox (1.69643pt too wide) in paragraph at lines 1395--1395
[]\T1/cmtt/m/n/10.95 np.median(np.abs(x
 []


Underfull \hbox (badness 10000) in paragraph at lines 1402--1404
[]\T1/cmr/m/n/10.95 Ne≤kalovan˝ MAD po-mocÌ
 []


Overfull \hbox (30.24333pt too wide) in paragraph at lines 1393--1406
[][]
 []


Underfull \hbox (badness 10000) in paragraph at lines 1393--1406

 []


Underfull \hbox (badness 10000) in paragraph at lines 1442--1443
[]\T1/cmr/m/n/10.95 Identifikace od-leh-l˝ch hod-not.
 []


Underfull \hbox (badness 7631) in paragraph at lines 1442--1443
\T1/cmr/m/n/10.95 Bo-x-plot tyto meze zob-ra-zuje
 []


Overfull \hbox (30.24333pt too wide) in paragraph at lines 1430--1445
[][]
 []


Underfull \hbox (badness 10000) in paragraph at lines 1430--1445

 []


Overfull \hbox (30.24333pt too wide) in paragraph at lines 1448--1463
[][]
 []


Underfull \hbox (badness 10000) in paragraph at lines 1448--1463

 []



[18]

[19]

[20

]

[21]

[22]

[23]

[24]

Package hyperref Warning: Token not allowed in a PDF string (Unicode):
(hyperref)                removing `math shift' on input line 1924.


Package hyperref Warning: Token not allowed in a PDF string (Unicode):
(hyperref)                removing `math shift' on input line 1924.



[25]
Overfull \hbox (30.24333pt too wide) in paragraph at lines 1951--1964
[][]
 []


Underfull \hbox (badness 10000) in paragraph at lines 1951--1964

 []


Package hyperref Warning: Token not allowed in a PDF string (Unicode):
(hyperref)                removing `math shift' on input line 1968.


Package hyperref Warning: Token not allowed in a PDF string (Unicode):
(hyperref)                removing `math shift' on input line 1968.


Overfull \hbox (30.24333pt too wide) in paragraph at lines 1992--2004
[][]
 []


Underfull \hbox (badness 10000) in paragraph at lines 1992--2004

 []



[26]

Package hyperref Warning: Token not allowed in a PDF string (Unicode):
(hyperref)                removing `math shift' on input line 2023.


Package hyperref Warning: Token not allowed in a PDF string (Unicode):
(hyperref)                removing `superscript' on input line 2023.


Package hyperref Warning: Token not allowed in a PDF string (Unicode):
(hyperref)                removing `math shift' on input line 2023.



[27

]

Package hyperref Warning: Token not allowed in a PDF string (Unicode):
(hyperref)                removing `math shift' on input line 2039.


Package hyperref Warning: Token not allowed in a PDF string (Unicode):
(hyperref)                removing `\leavevmode@ifvmode' on input line 2039.


Package hyperref Warning: Token not allowed in a PDF string (Unicode):
(hyperref)                \kern 1.81503pt
(hyperref)                removed on input line 2039.


Package hyperref Warning: Token not allowed in a PDF string (Unicode):
(hyperref)                removing `math shift' on input line 2039.


Overfull \hbox (30.24333pt too wide) in paragraph at lines 2063--2076
[][]
 []


Underfull \hbox (badness 10000) in paragraph at lines 2063--2076

 []


Overfull \hbox (1.69643pt too wide) in paragraph at lines 2081--2081
[]\T1/cmtt/m/n/10.95 stats.binom.pmf(k,
 []


Overfull \hbox (30.24333pt too wide) in paragraph at lines 2079--2092
[][]
 []


Underfull \hbox (badness 10000) in paragraph at lines 2079--2092

 []


Package hyperref Warning: Token not allowed in a PDF string (Unicode):
(hyperref)                removing `math shift' on input line 2096.


Package hyperref Warning: Token not allowed in a PDF string (Unicode):
(hyperref)                removing `\lambda' on input line 2096.


Package hyperref Warning: Token not allowed in a PDF string (Unicode):
(hyperref)                removing `math shift' on input line 2096.



[28

]
Overfull \hbox (30.24333pt too wide) in paragraph at lines 2121--2134
[][]
 []


Underfull \hbox (badness 10000) in paragraph at lines 2121--2134

 []


Overfull \hbox (13.01317pt too wide) in paragraph at lines 2139--2139
[]\T1/cmtt/m/n/10.95 stats.poisson.pmf(k,
 []


Overfull \hbox (30.24333pt too wide) in paragraph at lines 2137--2149
[][]
 []


Underfull \hbox (badness 10000) in paragraph at lines 2137--2149

 []


Package hyperref Warning: Token not allowed in a PDF string (Unicode):
(hyperref)                removing `math shift' on input line 2153.


Package hyperref Warning: Token not allowed in a PDF string (Unicode):
(hyperref)                removing `\leavevmode@ifvmode' on input line 2153.


Package hyperref Warning: Token not allowed in a PDF string (Unicode):
(hyperref)                \kern 1.81503pt
(hyperref)                removed on input line 2153.


Package hyperref Warning: Token not allowed in a PDF string (Unicode):
(hyperref)                removing `\leavevmode@ifvmode' on input line 2153.


Package hyperref Warning: Token not allowed in a PDF string (Unicode):
(hyperref)                \kern 1.81503pt
(hyperref)                removed on input line 2153.


Package hyperref Warning: Token not allowed in a PDF string (Unicode):
(hyperref)                removing `math shift' on input line 2153.



[29]
Underfull \hbox (badness 10000) in paragraph at lines 2182--2182
[]\T1/cmtt/m/n/10.95 dhyper(k, K, N-K,
 []


Overfull \hbox (30.24333pt too wide) in paragraph at lines 2180--2193
[][]
 []


Underfull \hbox (badness 10000) in paragraph at lines 2180--2193

 []


Overfull \hbox (24.32991pt too wide) in paragraph at lines 2198--2198
[]\T1/cmtt/m/n/10.95 stats.hypergeom.pmf(k,
 []


Underfull \hbox (badness 10000) in paragraph at lines 2205--2206
[]\T1/cmr/m/n/10.95 HypergeometrickÈ roz-d•-lenÌ z
 []


Overfull \hbox (30.24333pt too wide) in paragraph at lines 2196--2208
[][]
 []


Underfull \hbox (badness 10000) in paragraph at lines 2196--2208

 []


Package hyperref Warning: Token not allowed in a PDF string (Unicode):
(hyperref)                removing `math shift' on input line 2212.


Package hyperref Warning: Token not allowed in a PDF string (Unicode):
(hyperref)                removing `\mu' on input line 2212.


Package hyperref Warning: Token not allowed in a PDF string (Unicode):
(hyperref)                removing `\leavevmode@ifvmode' on input line 2212.


Package hyperref Warning: Token not allowed in a PDF string (Unicode):
(hyperref)                \kern 1.81503pt
(hyperref)                removed on input line 2212.


Package hyperref Warning: Token not allowed in a PDF string (Unicode):
(hyperref)                removing `\sigma' on input line 2212.


Package hyperref Warning: Token not allowed in a PDF string (Unicode):
(hyperref)                removing `superscript' on input line 2212.


Package hyperref Warning: Token not allowed in a PDF string (Unicode):
(hyperref)                removing `math shift' on input line 2212.



[30]
Underfull \hbox (badness 10000) in paragraph at lines 2270--2270
[]\T1/cmtt/m/n/10.95 dnorm / pnorm /
 []


Overfull \hbox (30.24333pt too wide) in paragraph at lines 2268--2283
[][]
 []


Underfull \hbox (badness 10000) in paragraph at lines 2268--2283

 []


Underfull \hbox (badness 10000) in paragraph at lines 2288--2288
[]\T1/cmtt/m/n/10.95 stats.norm.cdf(x,
 []


Overfull \hbox (30.24333pt too wide) in paragraph at lines 2286--2299
[][]
 []


Underfull \hbox (badness 10000) in paragraph at lines 2286--2299

 []


Package hyperref Warning: Token not allowed in a PDF string (Unicode):
(hyperref)                removing `math shift' on input line 2303.


Package hyperref Warning: Token not allowed in a PDF string (Unicode):
(hyperref)                removing `\leavevmode@ifvmode' on input line 2303.


Package hyperref Warning: Token not allowed in a PDF string (Unicode):
(hyperref)                \kern 1.81503pt
(hyperref)                removed on input line 2303.


Package hyperref Warning: Token not allowed in a PDF string (Unicode):
(hyperref)                removing `math shift' on input line 2303.



[31]
Underfull \hbox (badness 10000) in paragraph at lines 2331--2331
[]\T1/cmtt/m/n/10.95 dunif / punif /
 []


Overfull \hbox (30.24333pt too wide) in paragraph at lines 2330--2340
[][]
 []


Underfull \hbox (badness 10000) in paragraph at lines 2330--2340

 []


Underfull \hbox (badness 10000) in paragraph at lines 2344--2344
[]\T1/cmtt/m/n/10.95 uniform.cdf(x,
 []


Overfull \hbox (30.24333pt too wide) in paragraph at lines 2343--2354
[][]
 []


Underfull \hbox (badness 10000) in paragraph at lines 2343--2354

 []


Package hyperref Warning: Token not allowed in a PDF string (Unicode):
(hyperref)                removing `math shift' on input line 2358.


Package hyperref Warning: Token not allowed in a PDF string (Unicode):
(hyperref)                removing `\lambda' on input line 2358.


Package hyperref Warning: Token not allowed in a PDF string (Unicode):
(hyperref)                removing `math shift' on input line 2358.


Underfull \hbox (badness 10000) in paragraph at lines 2390--2390
[]\T1/cmtt/m/n/10.95 dexp / pexp /
 []


Overfull \hbox (30.24333pt too wide) in paragraph at lines 2389--2399
[][]
 []


Underfull \hbox (badness 10000) in paragraph at lines 2389--2399

 []



[32]
Underfull \hbox (badness 10000) in paragraph at lines 2403--2403
[]\T1/cmtt/m/n/10.95 expon.cdf(x,
 []


Overfull \hbox (30.24333pt too wide) in paragraph at lines 2402--2413
[][]
 []


Underfull \hbox (badness 10000) in paragraph at lines 2402--2413

 []


Package hyperref Warning: Token not allowed in a PDF string (Unicode):
(hyperref)                removing `math shift' on input line 2418.


Package hyperref Warning: Token not allowed in a PDF string (Unicode):
(hyperref)                removing `\nu' on input line 2418.


Package hyperref Warning: Token not allowed in a PDF string (Unicode):
(hyperref)                removing `math shift' on input line 2418.


Overfull \hbox (30.24333pt too wide) in paragraph at lines 2445--2455
[][]
 []


Underfull \hbox (badness 10000) in paragraph at lines 2445--2455

 []



[33]
Overfull \hbox (30.24333pt too wide) in paragraph at lines 2458--2469
[][]
 []


Underfull \hbox (badness 10000) in paragraph at lines 2458--2469

 []


Package hyperref Warning: Token not allowed in a PDF string (Unicode):
(hyperref)                removing `math shift' on input line 2473.


Package hyperref Warning: Token not allowed in a PDF string (Unicode):
(hyperref)                removing `\chi' on input line 2473.


Package hyperref Warning: Token not allowed in a PDF string (Unicode):
(hyperref)                removing `superscript' on input line 2473.


Package hyperref Warning: Token not allowed in a PDF string (Unicode):
(hyperref)                removing `math shift' on input line 2473.


Underfull \hbox (badness 10000) in paragraph at lines 2501--2501
[]\T1/cmtt/m/n/10.95 dchisq / pchisq /
 []


Overfull \hbox (30.24333pt too wide) in paragraph at lines 2500--2510
[][]
 []


Underfull \hbox (badness 10000) in paragraph at lines 2500--2510

 []



[34]
Underfull \hbox (badness 10000) in paragraph at lines 2514--2514
[]\T1/cmtt/m/n/10.95 chi2.pdf / cdf /
 []


Overfull \hbox (30.24333pt too wide) in paragraph at lines 2513--2524
[][]
 []


Underfull \hbox (badness 10000) in paragraph at lines 2513--2524

 []


Package hyperref Warning: Token not allowed in a PDF string (Unicode):
(hyperref)                removing `math shift' on input line 2528.


Package hyperref Warning: Token not allowed in a PDF string (Unicode):
(hyperref)                removing `subscript' on input line 2528.


Package hyperref Warning: Token not allowed in a PDF string (Unicode):
(hyperref)                removing `\leavevmode@ifvmode' on input line 2528.


Package hyperref Warning: Token not allowed in a PDF string (Unicode):
(hyperref)                \kern 1.81503pt
(hyperref)                removed on input line 2528.


Package hyperref Warning: Token not allowed in a PDF string (Unicode):
(hyperref)                removing `subscript' on input line 2528.


Package hyperref Warning: Token not allowed in a PDF string (Unicode):
(hyperref)                removing `math shift' on input line 2528.


Overfull \hbox (30.24333pt too wide) in paragraph at lines 2551--2563
[][]
 []


Underfull \hbox (badness 10000) in paragraph at lines 2551--2563

 []



[35]
Overfull \hbox (30.24333pt too wide) in paragraph at lines 2566--2577
[][]
 []


Underfull \hbox (badness 10000) in paragraph at lines 2566--2577

 []



[36]
Underfull \hbox (badness 10000) in paragraph at lines 2597--2598
[]\T1/cmtt/m/n/10.95 sum(x == k) /
 []


Overfull \hbox (8.68645pt too wide) in paragraph at lines 2592--2599
 [] 
 []


Package hyperref Warning: Token not allowed in a PDF string (Unicode):
(hyperref)                removing `math shift' on input line 2605.


Package hyperref Warning: Token not allowed in a PDF string (Unicode):
(hyperref)                removing `\mu' on input line 2605.


Package hyperref Warning: Token not allowed in a PDF string (Unicode):
(hyperref)                removing `math shift' on input line 2605.


Overfull \hbox (1.69643pt too wide) in paragraph at lines 2621--2621
[]\T1/cmtt/m/n/10.95 t.test(x)$conf.int| 
 []


Overfull \hbox (4.4681pt too wide) in paragraph at lines 2623--2624
[][] 
 []


Underfull \hbox (badness 10000) in paragraph at lines 2629--2629
[]\T1/cmtt/m/n/10.95 Ru£n•
 []


Underfull \hbox (badness 10000) in paragraph at lines 2640--2640
[]\T1/cmtt/m/n/10.95 Ru£n• (Z, zn·m˝
 []


Underfull \hbox (badness 3861) in paragraph at lines 2648--2649
\T1/cmr/m/n/10.95 roz-d•-le-nÌm (velk˝ v˝-b•r nebo
 []


Overfull \hbox (30.24333pt too wide) in paragraph at lines 2619--2651
[][]
 []


Underfull \hbox (badness 10000) in paragraph at lines 2619--2651

 []



[37

]
Underfull \hbox (badness 2564) in paragraph at lines 2660--2661
\OML/cmm/m/it/10.95 ^^[$\T1/cmr/m/n/10.95 ). Pro velkÈ $\OML/cmm/m/it/10.95 n$ 
\T1/cmr/m/n/10.95 lze na-hra-dit
 []


Overfull \hbox (30.24333pt too wide) in paragraph at lines 2654--2673
[][]
 []


Underfull \hbox (badness 10000) in paragraph at lines 2654--2673

 []


Package hyperref Warning: Token not allowed in a PDF string (Unicode):
(hyperref)                removing `math shift' on input line 2676.


Package hyperref Warning: Token not allowed in a PDF string (Unicode):
(hyperref)                removing `\pi' on input line 2676.


Package hyperref Warning: Token not allowed in a PDF string (Unicode):
(hyperref)                removing `math shift' on input line 2676.


Underfull \hbox (badness 10000) in paragraph at lines 2690--2690
[]\T1/cmtt/m/n/10.95 prop.test(x,
 []


Overfull \hbox (30.24333pt too wide) in paragraph at lines 2688--2710
[][]
 []


Underfull \hbox (badness 10000) in paragraph at lines 2688--2710

 []



[38]
Overfull \hbox (30.24333pt too wide) in paragraph at lines 2713--2732
[][]
 []


Underfull \hbox (badness 10000) in paragraph at lines 2713--2732

 []


Package hyperref Warning: Token not allowed in a PDF string (Unicode):
(hyperref)                removing `math shift' on input line 2735.


Package hyperref Warning: Token not allowed in a PDF string (Unicode):
(hyperref)                removing `math shift' on input line 2735.


Underfull \hbox (badness 10000) in paragraph at lines 2750--2750
[]\T1/cmtt/m/n/10.95 Minim·lnÌ n
 []


Underfull \hbox (badness 1009) in paragraph at lines 2758--2759
[]\T1/cmr/m/n/10.95 Pro pr∑-m•r. $\OT1/cmr/m/n/10.95 ^^A$ \T1/cmr/m/n/10.95 je 
cÌ-lov· p∞es-
 []


Underfull \hbox (badness 10000) in paragraph at lines 2760--2760
[]\T1/cmtt/m/n/10.95 Minim·lnÌ n
 []


Overfull \hbox (30.24333pt too wide) in paragraph at lines 2748--2769
[][]
 []


Underfull \hbox (badness 10000) in paragraph at lines 2748--2769

 []



[39]
Underfull \hbox (badness 10000) in paragraph at lines 2774--2774
[]\T1/cmtt/m/n/10.95 Minim·lnÌ n
 []


Underfull \hbox (badness 1009) in paragraph at lines 2778--2779
[]\T1/cmr/m/n/10.95 Pro pr∑-m•r. $\OT1/cmr/m/n/10.95 ^^A$ \T1/cmr/m/n/10.95 je 
cÌ-lov· p∞es-
 []


Underfull \hbox (badness 10000) in paragraph at lines 2779--2779
[]\T1/cmtt/m/n/10.95 Minim·lnÌ n
 []


Overfull \hbox (30.24333pt too wide) in paragraph at lines 2772--2786
[][]
 []


Underfull \hbox (badness 10000) in paragraph at lines 2772--2786

 []


Underfull \hbox (badness 10000) in paragraph at lines 2808--2808
[]\T1/cmtt/m/n/10.95 t.test(x, mu=mu0,
 []


Overfull \hbox (30.24333pt too wide) in paragraph at lines 2806--2829
[][]
 []


Underfull \hbox (badness 10000) in paragraph at lines 2806--2829

 []


Overfull \hbox (29.98828pt too wide) in paragraph at lines 2834--2834
[]\T1/cmtt/m/n/10.95 stats.ttest_1samp(data,
 []


Overfull \hbox (30.24333pt too wide) in paragraph at lines 2832--2841
[][]
 []


Underfull \hbox (badness 10000) in paragraph at lines 2832--2841

 []



[40]
Underfull \hbox (badness 10000) in paragraph at lines 2855--2855
[]\T1/cmtt/m/n/10.95 t.test(x1, x2,
 []


Underfull \hbox (badness 10000) in paragraph at lines 2864--2864
[]\T1/cmtt/m/n/10.95 Ru£n• (ze
 []


Underfull \hbox (badness 10000) in paragraph at lines 2864--2864
\T1/cmtt/m/n/10.95 souhrnn˝ch
 []


Underfull \hbox (badness 10000) in paragraph at lines 2875--2876
[]\T1/cmr/m/n/10.95 Welch-Satterthwaiteovy stupn•
 []


Overfull \hbox (30.24333pt too wide) in paragraph at lines 2853--2878
[][]
 []


Underfull \hbox (badness 10000) in paragraph at lines 2853--2878

 []


Overfull \hbox (1.69643pt too wide) in paragraph at lines 2883--2883
[]\T1/cmtt/m/n/10.95 stats.ttest_ind(A,
 []


Overfull \hbox (30.24333pt too wide) in paragraph at lines 2881--2890
[][]
 []


Underfull \hbox (badness 10000) in paragraph at lines 2881--2890

 []


Underfull \hbox (badness 10000) in paragraph at lines 2901--2901
[]\T1/cmtt/m/n/10.95 t.test(pred, po,
 []


Overfull \hbox (30.24333pt too wide) in paragraph at lines 2899--2911
[][]
 []


Underfull \hbox (badness 10000) in paragraph at lines 2899--2911

 []


Overfull \hbox (7.3548pt too wide) in paragraph at lines 2916--2916
[]\T1/cmtt/m/n/10.95 stats.ttest_rel(po,
 []


Overfull \hbox (30.24333pt too wide) in paragraph at lines 2914--2923
[][]
 []


Underfull \hbox (badness 10000) in paragraph at lines 2914--2923

 []



[41]
Underfull \hbox (badness 10000) in paragraph at lines 2937--2937
[]\T1/cmtt/m/n/10.95 prop.test(x, n,
 []


Underfull \hbox (badness 10000) in paragraph at lines 2955--2956
[]\T1/cmr/m/n/10.95 Oboustrann˝ Z-test sy-me-t-rie
 []


Overfull \hbox (30.24333pt too wide) in paragraph at lines 2935--2958
[][]
 []


Underfull \hbox (badness 10000) in paragraph at lines 2935--2958

 []


Overfull \hbox (30.24333pt too wide) in paragraph at lines 2961--2970
[][]
 []


Underfull \hbox (badness 10000) in paragraph at lines 2961--2970

 []


Overfull \hbox (4.4681pt too wide) in paragraph at lines 2992--2993
[][] 
 []


Underfull \hbox (badness 10000) in paragraph at lines 3006--3006
[]\T1/cmtt/m/n/10.95 Kritick· hodnota
 []


Underfull \hbox (badness 3364) in paragraph at lines 3024--3025
[]\T1/cmr/m/n/10.95 Ru£nÌ v˝-po-£et sou£t∑ £tverc∑
 []


Overfull \hbox (30.24333pt too wide) in paragraph at lines 2985--3027
[][]
 []


Underfull \hbox (badness 10000) in paragraph at lines 2985--3027

 []



[42]
Underfull \hbox (badness 10000) in paragraph at lines 3032--3032
[]\T1/cmtt/m/n/10.95 stats.f_oneway(A,
 []


Overfull \hbox (30.24333pt too wide) in paragraph at lines 3030--3039
[][]
 []


Underfull \hbox (badness 10000) in paragraph at lines 3030--3039

 []


Underfull \hbox (badness 10000) in paragraph at lines 3053--3053
[]\T1/cmtt/m/n/10.95 chisq.test(emp,
 []


Underfull \hbox (badness 1221) in paragraph at lines 3060--3061
[]\T1/cmr/m/n/10.95 Automatick˝ test dobrÈ shody.
 []


Overfull \hbox (30.24333pt too wide) in paragraph at lines 3051--3073
[][]
 []


Underfull \hbox (badness 10000) in paragraph at lines 3051--3073

 []



[43]
Overfull \hbox (1.69643pt too wide) in paragraph at lines 3078--3078
[]\T1/cmtt/m/n/10.95 stats.chisquare(O,
 []


Overfull \hbox (30.24333pt too wide) in paragraph at lines 3076--3085
[][]
 []


Underfull \hbox (badness 10000) in paragraph at lines 3076--3085

 []


Overfull \hbox (7.3548pt too wide) in paragraph at lines 3103--3103
[]\T1/cmtt/m/n/10.95 chisq.test(tabulka)| 
 []


Overfull \hbox (22.25923pt too wide) in paragraph at lines 3106--3107
[][][][][] 
 []


Overfull \hbox (15.96071pt too wide) in paragraph at lines 3107--3108
[][][][][] 
 []


Overfull \hbox (30.24333pt too wide) in paragraph at lines 3101--3128
[][]
 []


Underfull \hbox (badness 10000) in paragraph at lines 3101--3128

 []



[44]
Overfull \hbox (63.9385pt too wide) in paragraph at lines 3133--3133
[]\T1/cmtt/m/n/10.95 stats.chi2_contingency(table)| 
 []


Underfull \hbox (badness 10000) in paragraph at lines 3137--3138
[]\T1/cmr/m/n/10.95 VracÌ
 []


Overfull \hbox (30.24333pt too wide) in paragraph at lines 3131--3140
[][]
 []


Underfull \hbox (badness 10000) in paragraph at lines 3131--3140

 []



[45]
Underfull \hbox (badness 10000) in paragraph at lines 3165--3165
[]\T1/cmtt/m/n/10.95 cor(x, y,
 []


Overfull \hbox (30.24333pt too wide) in paragraph at lines 3163--3182
[][]
 []


Underfull \hbox (badness 10000) in paragraph at lines 3163--3182

 []


Underfull \hbox (badness 10000) in paragraph at lines 3187--3187
[]\T1/cmtt/m/n/10.95 stats.pearsonr(x,
 []


Overfull \hbox (30.24333pt too wide) in paragraph at lines 3185--3194
[][]
 []


Underfull \hbox (badness 10000) in paragraph at lines 3185--3194

 []


Underfull \hbox (badness 10000) in paragraph at lines 3207--3207
[]\T1/cmtt/m/n/10.95 cor(x, y,
 []


Overfull \hbox (1.69643pt too wide) in paragraph at lines 3207--3207
\T1/cmtt/m/n/10.95 method="spearman")| 
 []


Underfull \hbox (badness 5939) in paragraph at lines 3212--3213
[]\T1/cmr/m/n/10.95 Hodnota Spear-ma-nova ko-efi-ci-
 []


Underfull \hbox (badness 10000) in paragraph at lines 3214--3214
[]\T1/cmtt/m/n/10.95 cor.test(x, y,
 []


Overfull \hbox (1.69643pt too wide) in paragraph at lines 3214--3214
\T1/cmtt/m/n/10.95 method="spearman")| 
 []


Overfull \hbox (30.24333pt too wide) in paragraph at lines 3205--3222
[][]
 []


Underfull \hbox (badness 10000) in paragraph at lines 3205--3222

 []


Overfull \hbox (1.69643pt too wide) in paragraph at lines 3227--3227
[]\T1/cmtt/m/n/10.95 stats.spearmanr(x,
 []


Overfull \hbox (30.24333pt too wide) in paragraph at lines 3225--3234
[][]
 []


Underfull \hbox (badness 10000) in paragraph at lines 3225--3234

 []



[46

]
Underfull \hbox (badness 1297) in paragraph at lines 3260--3261
[]\T1/cmr/m/n/10.95 Fituje li-ne-·rnÌ mo-del; \T1/cmtt/m/n/10.95 summary
 []


Overfull \hbox (30.24333pt too wide) in paragraph at lines 3249--3273
[][]
 []


Underfull \hbox (badness 10000) in paragraph at lines 3249--3273

 []


Overfull \hbox (7.3548pt too wide) in paragraph at lines 3278--3278
[]\T1/cmtt/m/n/10.95 stats.linregress(x,
 []


Underfull \hbox (badness 10000) in paragraph at lines 3290--3291
[]\T1/cmr/m/n/10.95 Fituje mo-del po-mocÌ vzorce
 []


Underfull \hbox (badness 10000) in paragraph at lines 3292--3292
[]\T1/cmtt/m/n/10.95 VÌcen·sobn·
 []


Overfull \hbox (30.24333pt too wide) in paragraph at lines 3276--3304
[][]
 []


Underfull \hbox (badness 10000) in paragraph at lines 3276--3304

 []



[47]

Package hyperref Warning: Token not allowed in a PDF string (Unicode):
(hyperref)                removing `math shift' on input line 3306.


Package hyperref Warning: Token not allowed in a PDF string (Unicode):
(hyperref)                removing `superscript' on input line 3306.


Package hyperref Warning: Token not allowed in a PDF string (Unicode):
(hyperref)                removing `math shift' on input line 3306.


Underfull \hbox (badness 10000) in paragraph at lines 3319--3319
[]\T1/cmtt/m/n/10.95 Sou£ty £tverc∑ a
 []


Overfull \hbox (30.24333pt too wide) in paragraph at lines 3317--3331
[][]
 []


Underfull \hbox (badness 10000) in paragraph at lines 3317--3331

 []


Overfull \hbox (30.24333pt too wide) in paragraph at lines 3334--3343
[][]
 []


Underfull \hbox (badness 10000) in paragraph at lines 3334--3343

 []



[48]
Underfull \hbox (badness 3189) in paragraph at lines 3374--3375
[]\T1/cmr/m/n/10.95 Pro jed-no-du-chou re-gresi ekvi-
 []


Underfull \hbox (badness 10000) in paragraph at lines 3374--3375
\T1/cmr/m/n/10.95 va-lentnÌ t-testu. V˝-sle-dek v
 []


Overfull \hbox (30.24333pt too wide) in paragraph at lines 3354--3377
[][]
 []


Underfull \hbox (badness 10000) in paragraph at lines 3354--3377

 []


Overfull \hbox (30.24333pt too wide) in paragraph at lines 3380--3389
[][]
 []


Underfull \hbox (badness 10000) in paragraph at lines 3380--3389

 []


Underfull \hbox (badness 10000) in paragraph at lines 3401--3401
[]\T1/cmtt/m/n/10.95 predict(m,
 []


Overfull \hbox (30.24333pt too wide) in paragraph at lines 3399--3411
[][]
 []


Underfull \hbox (badness 10000) in paragraph at lines 3399--3411

 []


Underfull \hbox (badness 10000) in paragraph at lines 3422--3422
[]\T1/cmtt/m/n/10.95 Predikce
 []


Overfull \hbox (30.24333pt too wide) in paragraph at lines 3414--3430
[][]
 []


Underfull \hbox (badness 10000) in paragraph at lines 3414--3430

 []



[49]

[50]
Overfull \hbox (42.25923pt too wide) in paragraph at lines 3454--3455
[][] 
 []


Underfull \hbox (badness 1147) in paragraph at lines 3468--3469
\T1/cmr/m/n/10.95 tempo r∑stu (ge-o-me-t-rick˝ pr∑-
 []


Overfull \hbox (30.24333pt too wide) in paragraph at lines 3450--3471
[][]
 []


Underfull \hbox (badness 10000) in paragraph at lines 3450--3471

 []


Overfull \hbox (30.24333pt too wide) in paragraph at lines 3474--3488
[][]
 []


Underfull \hbox (badness 10000) in paragraph at lines 3474--3488

 []


Underfull \hbox (badness 10000) in paragraph at lines 3504--3504
[]\T1/cmtt/m/n/10.95 Chronologick˝
 []


Overfull \hbox (30.24333pt too wide) in paragraph at lines 3502--3514
[][]
 []


Underfull \hbox (badness 10000) in paragraph at lines 3502--3514

 []



[51

]
Underfull \hbox (badness 10000) in paragraph at lines 3519--3519
[]\T1/cmtt/m/n/10.95 Chronologick˝
 []


Overfull \hbox (30.24333pt too wide) in paragraph at lines 3517--3526
[][]
 []


Underfull \hbox (badness 10000) in paragraph at lines 3517--3526

 []


Package hyperref Warning: Token not allowed in a PDF string (Unicode):
(hyperref)                removing `math shift' on input line 3530.


Package hyperref Warning: Token not allowed in a PDF string (Unicode):
(hyperref)                removing `math shift' on input line 3530.


Underfull \hbox (badness 10000) in paragraph at lines 3541--3541
[]\T1/cmtt/m/n/10.95 filter(y,
 []


Overfull \hbox (30.24333pt too wide) in paragraph at lines 3539--3550
[][]
 []


Underfull \hbox (badness 10000) in paragraph at lines 3539--3550

 []


Overfull \hbox (30.24333pt too wide) in paragraph at lines 3553--3562
[][]
 []


Underfull \hbox (badness 10000) in paragraph at lines 3553--3562

 []


Package hyperref Warning: Token not allowed in a PDF string (Unicode):
(hyperref)                removing `math shift' on input line 3565.


Package hyperref Warning: Token not allowed in a PDF string (Unicode):
(hyperref)                removing `math shift' on input line 3565.


Underfull \hbox (badness 10000) in paragraph at lines 3575--3575
[]\T1/cmtt/m/n/10.95 Centrovan˝ KP
 []


Underfull \hbox (badness 1082) in paragraph at lines 3583--3584
[]\T1/cmtt/m/n/10.95 sides=1\T1/cmr/m/n/10.95 : pr∑-m•r po-sled-nÌch $\OML/cmm/
m/it/10.95 m$
 []


Underfull \hbox (badness 2735) in paragraph at lines 3583--3584
\T1/cmr/m/n/10.95 m•r dvou sou-sed-nÌch prost˝ch
 []


Overfull \hbox (30.24333pt too wide) in paragraph at lines 3573--3586
[][]
 []


Underfull \hbox (badness 10000) in paragraph at lines 3573--3586

 []


Underfull \hbox (badness 7595) in paragraph at lines 3596--3597
[]\T1/cmr/m/n/10.95 Skute£n˝ cen-t-ro-van˝ klouzav˝
 []


Underfull \hbox (badness 1320) in paragraph at lines 3596--3597
\T1/cmr/m/n/10.95 pr∑-m•r pro sudÈ $\OML/cmm/m/it/10.95 m$\T1/cmr/m/n/10.95 . V
y-∫a-duje
 []


Overfull \hbox (30.24333pt too wide) in paragraph at lines 3589--3599
[][]
 []


Underfull \hbox (badness 10000) in paragraph at lines 3589--3599

 []



[52]
Underfull \hbox (badness 10000) in paragraph at lines 3624--3624
[]\T1/cmtt/m/n/10.95 lm() s trendem a
 []


Overfull \hbox (30.24333pt too wide) in paragraph at lines 3611--3634
[][]
 []


Underfull \hbox (badness 10000) in paragraph at lines 3611--3634

 []


Overfull \hbox (1.69643pt too wide) in paragraph at lines 3645--3645
[]\T1/cmtt/m/n/10.95 seasonal_decompose| 
 []


Underfull \hbox (badness 4254) in paragraph at lines 3651--3652
[]\T1/cmr/m/n/10.95 Automatick˝ roz-klad ∞ady na
 []


Underfull \hbox (badness 1490) in paragraph at lines 3651--3652
\T1/cmr/m/n/10.95 kom-po-nenty. Vy-kreslÌ ori-gi-n·lnÌ
 []


Overfull \hbox (30.24333pt too wide) in paragraph at lines 3643--3654
[][]
 []


Underfull \hbox (badness 10000) in paragraph at lines 3643--3654

 []



[53]
Overfull \hbox (30.24333pt too wide) in paragraph at lines 3656--3665
[][]
 []


Underfull \hbox (badness 10000) in paragraph at lines 3656--3665

 []


Underfull \hbox (badness 10000) in paragraph at lines 3677--3677
[]\T1/cmtt/m/n/10.95 predict(m,
 []


Overfull \hbox (30.24333pt too wide) in paragraph at lines 3675--3691
[][]
 []


Underfull \hbox (badness 10000) in paragraph at lines 3675--3691

 []


Overfull \hbox (13.01317pt too wide) in paragraph at lines 3696--3696
[]\T1/cmtt/m/n/10.95 model.predict(X_new)| 
 []


Underfull \hbox (badness 1210) in paragraph at lines 3700--3701
[]\T1/cmr/m/n/10.95 Predikce na nov· data (scikit-
 []


Overfull \hbox (30.24333pt too wide) in paragraph at lines 3694--3703
[][]
 []


Underfull \hbox (badness 10000) in paragraph at lines 3694--3703

 []



[54]
Underfull \hbox (badness 10000) in paragraph at lines 3713--3713
[]\T1/cmtt/m/n/10.95 import numpy as
 []


Underfull \hbox (badness 10000) in paragraph at lines 3718--3718
[]\T1/cmtt/m/n/10.95 import pandas as
 []


Underfull \hbox (badness 10000) in paragraph at lines 3723--3723
[]\T1/cmtt/m/n/10.95 import
 []


Underfull \hbox (badness 10000) in paragraph at lines 3723--3723
\T1/cmtt/m/n/10.95 matplotlib.pyplot
 []


Underfull \hbox (badness 10000) in paragraph at lines 3733--3733
[]\T1/cmtt/m/n/10.95 List
 []


Overfull \hbox (13.24333pt too wide) in paragraph at lines 3712--3739
[]
 []


Underfull \hbox (badness 10000) in paragraph at lines 3712--3739

 []


Underfull \hbox (badness 10000) in paragraph at lines 3742--3742
[]\T1/cmr/bx/n/10.95 List Com-pre-
 []


Overfull \hbox (1.69643pt too wide) in paragraph at lines 3747--3747
[]\T1/cmtt/m/n/10.95 x[start:stop:krok]| 
 []


Underfull \hbox (badness 10000) in paragraph at lines 3752--3752
[]\T1/cmtt/m/n/10.95 x.copy() \T1/cmr/m/n/10.95 vs
 []


Overfull \hbox (13.24333pt too wide) in paragraph at lines 3741--3768
[]
 []


Underfull \hbox (badness 10000) in paragraph at lines 3741--3768

 []


Underfull \hbox (badness 10000) in paragraph at lines 3776--3776
[]\T1/cmtt/m/n/10.95 range(start,
 []


Underfull \hbox (badness 1762) in paragraph at lines 3780--3781
[]\T1/cmr/m/n/10.95 Vygeneruje sek-venci \T1/cmtt/m/n/10.95 [0, 1, 2,
 []


Underfull \hbox (badness 10000) in paragraph at lines 3806--3806
[]\T1/cmtt/m/n/10.95 def
 []


Overfull \hbox (13.24333pt too wide) in paragraph at lines 3770--3812
[]
 []


Underfull \hbox (badness 10000) in paragraph at lines 3770--3812

 []



[55

]
Underfull \hbox (badness 10000) in paragraph at lines 3833--3834
[]\T1/cmr/m/n/10.95 Druh· od-moc-nina z ka∫-dÈho
 []


Overfull \hbox (13.01317pt too wide) in paragraph at lines 3839--3839
[]\T1/cmtt/m/n/10.95 np.random.uniform(a,
 []


Underfull \hbox (badness 10000) in paragraph at lines 3853--3854
[]\T1/cmtt/m/n/10.95 VracÌ modus z pole (i vÌce
 []


Underfull \hbox (badness 10000) in paragraph at lines 3859--3859
[]\T1/cmtt/m/n/10.95 np.linalg.norm(x,
 []


Underfull \hbox (badness 10000) in paragraph at lines 3863--3864
[]\T1/cmr/m/n/10.95 V˝po£et $\OML/cmm/m/it/10.95 L[]; L[]$ \T1/cmr/m/n/10.95 ne
bo $\OML/cmm/m/it/10.95 L[]$
 []


Underfull \hbox (badness 10000) in paragraph at lines 3864--3864
[]\T1/cmtt/m/n/10.95 np.insert /
 []


Overfull \hbox (13.24333pt too wide) in paragraph at lines 3813--3870
[]
 []


Underfull \hbox (badness 10000) in paragraph at lines 3813--3870

 []



[56]

[57]
Underfull \hbox (badness 2005) in paragraph at lines 3876--3877
[]\T1/cmr/m/n/10.95 Geometrick˝ pr∑-m•r (knihovna
 []


Underfull \hbox (badness 4242) in paragraph at lines 3881--3882
[]\T1/cmr/m/n/10.95 Harmonick˝ pr∑-m•r (knihovna
 []


Underfull \hbox (badness 2205) in paragraph at lines 3901--3902
[]\T1/cmr/m/n/10.95 V˝b•rov· sm•-ro-datn· od-chylka
 []


Underfull \hbox (badness 10000) in paragraph at lines 3912--3912
[]\T1/cmtt/m/n/10.95 np.where(cond, x,
 []


Underfull \hbox (badness 6961) in paragraph at lines 3916--3917
[]\T1/cmr/bx/n/10.95 PodmÌn•n˝ slou-pec\T1/cmr/m/n/10.95 : Po-kud
 []


Overfull \hbox (30.24333pt too wide) in paragraph at lines 3871--3918
[][]
 []


Underfull \hbox (badness 10000) in paragraph at lines 3871--3918

 []


Underfull \hbox (badness 2644) in paragraph at lines 3927--3928
\T1/cmr/m/n/10.95 na-sta-venÌ jako in-dexu ta-bulky
 []


Underfull \hbox (badness 10000) in paragraph at lines 3950--3950
[]\T1/cmtt/m/n/10.95 df['A'].
 []


Underfull \hbox (badness 10000) in paragraph at lines 3954--3955
[]\T1/cmr/m/n/10.95 Vybere ∞·dky, kde hod-nota
 []


Underfull \hbox (badness 10000) in paragraph at lines 3954--3955
\T1/cmr/m/n/10.95 sloupce od-po-vÌd· prv-k∑m v
 []


Underfull \hbox (badness 10000) in paragraph at lines 3984--3985
[]\T1/cmr/m/n/10.95 Kontingen£nÌ ta-bulka £et-nostÌ
 []


Overfull \hbox (1.69643pt too wide) in paragraph at lines 3990--3990
[]\T1/cmtt/m/n/10.95 df['A'].between(a,
 []


Overfull \hbox (13.24333pt too wide) in paragraph at lines 3920--3996
[]
 []


Underfull \hbox (badness 10000) in paragraph at lines 3920--3996

 []



[58

]

[59]
Overfull \vbox (35.95126pt too high) has occurred while \output is active []



[60]
Underfull \hbox (badness 1953) in paragraph at lines 4003--4004
[]\T1/cmr/bx/n/10.95 Boxplot (Pan-das)\T1/cmr/m/n/10.95 : Roz-d•-lenÌ
 []


Underfull \hbox (badness 2205) in paragraph at lines 4013--4014
[]\T1/cmr/bx/n/10.95 Bodov˝ graf\T1/cmr/m/n/10.95 : Z·-vis-lost dvou
 []


Underfull \hbox (badness 10000) in paragraph at lines 4014--4014
[]\T1/cmtt/m/n/10.95 plt.title("N·zev",
 []


Underfull \hbox (badness 10000) in paragraph at lines 4015--4015
[]\T1/cmtt/m/n/10.95 plt.xlabel /
 []


Underfull \hbox (badness 2762) in paragraph at lines 4031--4032
[]\T1/cmr/m/n/10.95 VykreslÌ bo-dov˝ graf (scat-ter)
 []


Underfull \hbox (badness 2884) in paragraph at lines 4031--4032
\T1/cmr/m/n/10.95 a rov-nou jÌm pro-lo∫Ì re-gresnÌ
 []


Overfull \hbox (13.24333pt too wide) in paragraph at lines 3998--4033
[]
 []


Underfull \hbox (badness 10000) in paragraph at lines 3998--4033

 []

LaTeX Font Info:    Font shape `T1/cmtt/bx/n' in size <10.95> not available
(Font)              Font shape `T1/cmtt/m/n' tried instead on input line 4040.

Underfull \hbox (badness 10000) in paragraph at lines 4047--4047
[]\T1/cmtt/m/n/10.95 norm.cdf(x, mu,
 []


Underfull \hbox (badness 5908) in paragraph at lines 4051--4052
[]\T1/cmtt/m/n/10.95 M…NÖ NEö\T1/cmr/m/n/10.95 : íance, ∫e hod-nota
 []


Underfull \hbox (badness 10000) in paragraph at lines 4052--4052
[]\T1/cmtt/m/n/10.95 norm.sf(x, mu,
 []


Underfull \hbox (badness 2626) in paragraph at lines 4056--4057
[]\T1/cmtt/m/n/10.95 VÕCE NEö\T1/cmr/m/n/10.95 : Ekvi-va-lent \T1/cmtt/m/n/10.9
5 1 - cdf\T1/cmr/m/n/10.95 .
 []


Underfull \hbox (badness 10000) in paragraph at lines 4057--4057
[]\T1/cmtt/m/n/10.95 norm.cdf(b) -
 []


Underfull \hbox (badness 10000) in paragraph at lines 4062--4062
[]\T1/cmtt/m/n/10.95 norm.ppf(q, mu,
 []


Underfull \hbox (badness 1331) in paragraph at lines 4066--4067
[]\T1/cmtt/m/n/10.95 Hled·nÌ kvantilu\T1/cmr/m/n/10.95 : Na-jde hod-
 []


Overfull \hbox (30.24333pt too wide) in paragraph at lines 4046--4068
[][]
 []


Underfull \hbox (badness 10000) in paragraph at lines 4046--4068

 []



[61]
Underfull \hbox (badness 10000) in paragraph at lines 4077--4077
[]\T1/cmtt/m/n/10.95 binom.pmf(k, n,
 []


Underfull \hbox (badness 10000) in paragraph at lines 4081--4082
[]\T1/cmtt/m/n/10.95 Pravd•podobnost PêESNÖ\T1/cmr/m/n/10.95 :
 []


Underfull \hbox (badness 10000) in paragraph at lines 4082--4082
[]\T1/cmtt/m/n/10.95 binom.cdf(k, n,
 []


Underfull \hbox (badness 10000) in paragraph at lines 4086--4087
[]\T1/cmtt/m/n/10.95 Pravd•podobnost NEJV›íE\T1/cmr/m/n/10.95 :
 []


Underfull \hbox (badness 10000) in paragraph at lines 4087--4087
[]\T1/cmtt/m/n/10.95 1 - binom.cdf(k,
 []


Underfull \hbox (badness 10000) in paragraph at lines 4091--4092
[]\T1/cmtt/m/n/10.95 Pravd•podobnost VÕCE NEö\T1/cmr/m/n/10.95 :
 []


Overfull \hbox (30.24333pt too wide) in paragraph at lines 4076--4093
[][]
 []


Underfull \hbox (badness 10000) in paragraph at lines 4076--4093

 []


Underfull \hbox (badness 10000) in paragraph at lines 4101--4101
[]\T1/cmtt/m/n/10.95 poisson.pmf(k,
 []


Underfull \hbox (badness 10000) in paragraph at lines 4105--4106
[]\T1/cmtt/m/n/10.95 Pravd•podobnost PêESNÖ\T1/cmr/m/n/10.95 :
 []


Underfull \hbox (badness 4353) in paragraph at lines 4105--4106
\T1/cmr/m/n/10.95 íance, ∫e na-sta-nou p∞esn• $\OML/cmm/m/it/10.95 k$
 []


Underfull \hbox (badness 10000) in paragraph at lines 4106--4106
[]\T1/cmtt/m/n/10.95 poisson.cdf(k,
 []


Underfull \hbox (badness 10000) in paragraph at lines 4110--4111
[]\T1/cmtt/m/n/10.95 Pravd•podobnost NEJV›íE\T1/cmr/m/n/10.95 :
 []


Underfull \hbox (badness 10000) in paragraph at lines 4111--4111
[]\T1/cmtt/m/n/10.95 1 -
 []


Underfull \hbox (badness 10000) in paragraph at lines 4111--4111
\T1/cmtt/m/n/10.95 poisson.cdf(k,
 []


Underfull \hbox (badness 10000) in paragraph at lines 4115--4116
[]\T1/cmtt/m/n/10.95 Pravd•podobnost VÕCE NEö\T1/cmr/m/n/10.95 :
 []


Overfull \hbox (30.24333pt too wide) in paragraph at lines 4100--4117
[][]
 []


Underfull \hbox (badness 10000) in paragraph at lines 4100--4117

 []



[62]
Underfull \hbox (badness 10000) in paragraph at lines 4126--4126
[]\T1/cmtt/m/n/10.95 hypergeom.pmf(k,
 []


Overfull \hbox (30.24333pt too wide) in paragraph at lines 4125--4132
[][]
 []


Underfull \hbox (badness 10000) in paragraph at lines 4125--4132

 []


Underfull \hbox (badness 10000) in paragraph at lines 4140--4140
[]\T1/cmtt/m/n/10.95 t.pdf / cdf / ppf
 []


Overfull \hbox (30.24333pt too wide) in paragraph at lines 4139--4149
[][]
 []


Underfull \hbox (badness 10000) in paragraph at lines 4139--4149

 []


Underfull \hbox (badness 10000) in paragraph at lines 4157--4157
[]\T1/cmtt/m/n/10.95 chi2.pdf / cdf /
 []


Overfull \hbox (30.24333pt too wide) in paragraph at lines 4156--4166
[][]
 []


Underfull \hbox (badness 10000) in paragraph at lines 4156--4166

 []



[63]
Underfull \hbox (badness 10000) in paragraph at lines 4174--4174
[]\T1/cmtt/m/n/10.95 f.pdf / cdf / ppf
 []


Overfull \hbox (30.24333pt too wide) in paragraph at lines 4173--4183
[][]
 []


Underfull \hbox (badness 10000) in paragraph at lines 4173--4183

 []



[64]
Underfull \hbox (badness 10000) in paragraph at lines 4199--4199
[]\T1/cmtt/m/n/10.95 pnorm(x, mean,
 []


Underfull \hbox (badness 10000) in paragraph at lines 4204--4204
[]\T1/cmtt/m/n/10.95 1 - pnorm(x,
 []


Underfull \hbox (badness 10000) in paragraph at lines 4209--4209
[]\T1/cmtt/m/n/10.95 pnorm(b,m,s) -
 []


Underfull \hbox (badness 10000) in paragraph at lines 4214--4214
[]\T1/cmtt/m/n/10.95 qnorm(q, mean,
 []


Overfull \hbox (30.24333pt too wide) in paragraph at lines 4198--4220
[][]
 []


Underfull \hbox (badness 10000) in paragraph at lines 4198--4220

 []


Underfull \hbox (badness 10000) in paragraph at lines 4229--4229
[]\T1/cmtt/m/n/10.95 dbinom(k, size,
 []


Underfull \hbox (badness 10000) in paragraph at lines 4234--4234
[]\T1/cmtt/m/n/10.95 pbinom(k, size,
 []


Underfull \hbox (badness 10000) in paragraph at lines 4239--4239
[]\T1/cmtt/m/n/10.95 1 - pbinom(k,
 []


Overfull \hbox (30.24333pt too wide) in paragraph at lines 4228--4245
[][]
 []


Underfull \hbox (badness 10000) in paragraph at lines 4228--4245

 []


Underfull \hbox (badness 10000) in paragraph at lines 4263--4263
[]\T1/cmtt/m/n/10.95 1 - ppois(k,
 []


Overfull \hbox (30.24333pt too wide) in paragraph at lines 4252--4269
[][]
 []


Underfull \hbox (badness 10000) in paragraph at lines 4252--4269

 []



[65

]
Underfull \hbox (badness 10000) in paragraph at lines 4278--4278
[]\T1/cmtt/m/n/10.95 dhyper(x, m, n,
 []


Underfull \hbox (badness 10000) in paragraph at lines 4283--4283
[]\T1/cmtt/m/n/10.95 phyper(x, m, n,
 []


Overfull \hbox (30.24333pt too wide) in paragraph at lines 4277--4289
[][]
 []


Underfull \hbox (badness 10000) in paragraph at lines 4277--4289

 []


Overfull \hbox (30.24333pt too wide) in paragraph at lines 4296--4306
[][]
 []


Underfull \hbox (badness 10000) in paragraph at lines 4296--4306

 []


Underfull \hbox (badness 10000) in paragraph at lines 4314--4314
[]\T1/cmtt/m/n/10.95 dchisq / pchisq /
 []


Overfull \hbox (30.24333pt too wide) in paragraph at lines 4313--4323
[][]
 []


Underfull \hbox (badness 10000) in paragraph at lines 4313--4323

 []



[66]
Overfull \hbox (30.24333pt too wide) in paragraph at lines 4330--4342
[][]
 []


Underfull \hbox (badness 10000) in paragraph at lines 4330--4342

 []



[67]
Underfull \hbox (badness 10000) in paragraph at lines 4355--4355
[]\T1/cmtt/m/n/10.95 is.numeric /
 []


Underfull \hbox (badness 10000) in paragraph at lines 4361--4362
[]\T1/cmr/m/n/10.95 Ov•∞Ì da-tov˝ typ; vracÌ
 []


Underfull \hbox (badness 10000) in paragraph at lines 4377--4378
[]\T1/cmr/m/n/10.95 Detekce chy-b•-jÌcÌ hod-noty
 []


Overfull \hbox (13.24333pt too wide) in paragraph at lines 4347--4379
[]
 []


Underfull \hbox (badness 10000) in paragraph at lines 4347--4379

 []


Underfull \hbox (badness 10000) in paragraph at lines 4403--4403
[]\T1/cmtt/m/n/10.95 length(x) /
 []


Overfull \hbox (13.24333pt too wide) in paragraph at lines 4381--4416
[]
 []


Underfull \hbox (badness 10000) in paragraph at lines 4381--4416

 []



[68

]
Underfull \hbox (badness 10000) in paragraph at lines 4419--4419
[]\T1/cmtt/m/n/10.95 str(df) /
 []


Underfull \hbox (badness 10000) in paragraph at lines 4426--4426
[]\T1/cmtt/m/n/10.95 head(df, n) /
 []


Underfull \hbox (badness 10000) in paragraph at lines 4442--4442
[]\T1/cmtt/m/n/10.95 colSums /
 []


Overfull \hbox (13.24333pt too wide) in paragraph at lines 4418--4458
[]
 []


Underfull \hbox (badness 10000) in paragraph at lines 4418--4458

 []



[69]
Underfull \hbox (badness 10000) in paragraph at lines 4466--4467
[]\T1/cmr/m/n/10.95 Na£te tex-tov˝ sou-bor do
 []


Underfull \hbox (badness 2253) in paragraph at lines 4479--4480
[]\T1/cmr/m/n/10.95 Ulo∫Ì data.frame do tex-to-vÈho
 []


Underfull \hbox (badness 10000) in paragraph at lines 4485--4486
[]\T1/cmr/m/n/10.95 ZjistÌ nebo na-stavÌ pra-covnÌ
 []


Overfull \hbox (13.24333pt too wide) in paragraph at lines 4460--4487
[]
 []


Underfull \hbox (badness 10000) in paragraph at lines 4460--4487

 []



[70]
Underfull \hbox (badness 1735) in paragraph at lines 4501--4502
[]\T1/cmr/m/n/10.95 KumulativnÌ (ab-so-lutnÌ / re-la-
 []


Overfull \hbox (13.24333pt too wide) in paragraph at lines 4489--4510
[]
 []


Underfull \hbox (badness 10000) in paragraph at lines 4489--4510

 []


Underfull \hbox (badness 4846) in paragraph at lines 4519--4520
[]\T1/cmr/m/n/10.95 V˝b•r ∞·dk∑ spl-¨u-jÌ-cÌch pod-
 []


Underfull \hbox (badness 2762) in paragraph at lines 4552--4553
[]\T1/cmr/m/n/10.95 AbsolutnÌ £et-nosti pro ka∫-dou
 []


Underfull \hbox (badness 3098) in paragraph at lines 4558--4559
[]\T1/cmr/m/n/10.95 Se∞adÌ ∞·dky vze-stupn• / se-
 []


Underfull \hbox (badness 3158) in paragraph at lines 4564--4565
[]\T1/cmr/m/n/10.95 Extrahuje slou-pec jako prost˝
 []


Overfull \hbox (13.24333pt too wide) in paragraph at lines 4512--4566
[]
 []


Underfull \hbox (badness 10000) in paragraph at lines 4512--4566

 []



[71]

[72] (_vzorcovnik_.aux)
 ***********
LaTeX2e <2025-06-01> patch level 1
L3 programming layer <2025-08-13>
 ***********


LaTeX Font Warning: Size substitutions with differences
(Font)              up to 14.17pt have occurred.

Package rerunfilecheck Info: File `_vzorcovnik_.out' has not changed.
(rerunfilecheck)             Checksum: E0DB24242CE5635903FD528951CD4CC2;24827.
 ) 
Here is how much of TeX's memory you used:
 36688 strings out of 468095
 828287 string characters out of 5423511
 1527282 words of memory out of 5000000
 63575 multiletter control sequences out of 15000+600000
 651294 words of font info for 108 fonts, out of 8000000 for 9000
 1141 hyphenation exceptions out of 8191
 99i,17n,101p,735b,2191s stack positions out of 10000i,1000n,20000p,200000b,200000s
<C:/Users/lubomir.stepanek/AppData/Local/Programs/MiKTeX/fonts/type1/public/a
msfonts/cm/cmex10.pfb><C:/Users/lubomir.stepanek/AppData/Local/Programs/MiKTeX/
fonts/type1/public/amsfonts/cm/cmmi10.pfb><C:/Users/lubomir.stepanek/AppData/Lo
cal/Programs/MiKTeX/fonts/type1/public/amsfonts/cm/cmmi12.pfb><C:/Users/lubomir
.stepanek/AppData/Local/Programs/MiKTeX/fonts/type1/public/amsfonts/cm/cmmi6.pf
b><C:/Users/lubomir.stepanek/AppData/Local/Programs/MiKTeX/fonts/type1/public/a
msfonts/cm/cmmi8.pfb><C:/Users/lubomir.stepanek/AppData/Local/Programs/MiKTeX/f
onts/type1/public/amsfonts/cm/cmr10.pfb><C:/Users/lubomir.stepanek/AppData/Loca
l/Programs/MiKTeX/fonts/type1/public/amsfonts/cm/cmr6.pfb><C:/Users/lubomir.ste
panek/AppData/Local/Programs/MiKTeX/fonts/type1/public/amsfonts/cm/cmr8.pfb><C:
/Users/lubomir.stepanek/AppData/Local/Programs/MiKTeX/fonts/type1/public/amsfon
ts/cm/cmsy10.pfb><C:/Users/lubomir.stepanek/AppData/Local/Programs/MiKTeX/fonts
/type1/public/amsfonts/cm/cmsy6.pfb><C:/Users/lubomir.stepanek/AppData/Local/Pr
ograms/MiKTeX/fonts/type1/public/amsfonts/cm/cmsy8.pfb><C:/Users/lubomir.stepan
ek/AppData/Local/Programs/MiKTeX/fonts/type1/public/amsfonts/symbols/msbm10.pfb
><C:/Users/lubomir.stepanek/AppData/Local/Programs/MiKTeX/fonts/type1/public/cm
-super/sfbx1095.pfb><C:/Users/lubomir.stepanek/AppData/Local/Programs/MiKTeX/fo
nts/type1/public/cm-super/sfbx1200.pfb><C:/Users/lubomir.stepanek/AppData/Local
/Programs/MiKTeX/fonts/type1/public/cm-super/sfbx1440.pfb><C:/Users/lubomir.ste
panek/AppData/Local/Programs/MiKTeX/fonts/type1/public/cm-super/sfbx3583.pfb><C
:/Users/lubomir.stepanek/AppData/Local/Programs/MiKTeX/fonts/type1/public/cm-su
per/sfrm1095.pfb><C:/Users/lubomir.stepanek/AppData/Local/Programs/MiKTeX/fonts
/type1/public/cm-super/sfrm1200.pfb><C:/Users/lubomir.stepanek/AppData/Local/Pr
ograms/MiKTeX/fonts/type1/public/cm-super/sfti1095.pfb><C:/Users/lubomir.stepan
ek/AppData/Local/Programs/MiKTeX/fonts/type1/public/cm-super/sftt1000.pfb><C:/U
sers/lubomir.stepanek/AppData/Local/Programs/MiKTeX/fonts/type1/public/cm-super
/sftt1095.pfb>
Output written on _vzorcovnik_.pdf (73 pages, 874887 bytes).
PDF statistics:
 2260 PDF objects out of 2487 (max. 8388607)
 1200 named destinations out of 1200 (max. 500000)
 938 words of extra memory for PDF output out of 10000 (max. 10000000)

